2026-04-10 16:35:48.261 [I] [client/service.go:378] [0fc1c0d87c18bf27] try to connect to server...
2026-04-10 16:35:53.934 [W] [client/service.go:381] [0fc1c0d87c18bf27] connect to server error: session shutdown
2026-04-10 16:35:55.970 [I] [client/service.go:378] [0fc1c0d87c18bf27] try to connect to server...
2026-04-10 16:35:56.124 [W] [client/service.go:381] [0fc1c0d87c18bf27] connect to server error: session shutdown
2026-04-10 16:36:00.269 [I] [client/service.go:378] [0fc1c0d87c18bf27] try to connect to server...
2026-04-10 16:36:01.099 [W] [client/service.go:381] [0fc1c0d87c18bf27] connect to server error: session shutdown
2026-04-10 16:36:10.109 [I] [client/service.go:378] [0fc1c0d87c18bf27] try to connect to server...
2026-04-10 16:36:10.157 [W] [client/service.go:381] [0fc1c0d87c18bf27] connect to server error: session shutdown
2026-04-10 16:36:29.180 [I] [client/service.go:378] [0fc1c0d87c18bf27] try to connect to server...
2026-04-10 16:36:29.199 [W] [client/service.go:381] [0fc1c0d87c18bf27] connect to server error: session shutdown
2026-04-10 16:36:49.200 [I] [client/service.go:378] [0fc1c0d87c18bf27] try to connect to server...
2026-04-10 16:36:49.930 [W] [client/service.go:381] [0fc1c0d87c18bf27] connect to server error: session shutdown
2026-04-10 16:37:09.931 [I] [client/service.go:378] [0fc1c0d87c18bf27] try to connect to server...
2026-04-10 16:37:10.121 [W] [client/service.go:381] [0fc1c0d87c18bf27] connect to server error: session shutdown
2026-04-10 16:37:30.122 [I] [client/service.go:378] [0fc1c0d87c18bf27] try to connect to server...
2026-04-10 16:37:31.100 [W] [client/service.go:381] [0fc1c0d87c18bf27] connect to server error: session shutdown
2026-04-10 16:37:51.100 [I] [client/service.go:378] [0fc1c0d87c18bf27] try to connect to server...
2026-04-10 16:37:51.182 [W] [client/service.go:381] [0fc1c0d87c18bf27] connect to server error: session shutdown
2026-04-10 16:38:11.182 [I] [client/service.go:378] [0fc1c0d87c18bf27] try to connect to server...
2026-04-10 16:38:11.203 [W] [client/service.go:381] [0fc1c0d87c18bf27] connect to server error: tls: first record does not look like a TLS handshake
2026-04-10 16:38:31.204 [I] [client/service.go:378] [0fc1c0d87c18bf27] try to connect to server...
2026-04-10 16:38:31.984 [W] [client/service.go:381] [0fc1c0d87c18bf27] connect to server error: session shutdown
2026-04-10 16:38:51.984 [I] [client/service.go:378] [0fc1c0d87c18bf27] try to connect to server...
2026-04-10 16:38:52.050 [I] [client/service.go:370] [0fc1c0d87c18bf27] login to server success, get run id [0fc1c0d87c18bf27]
2026-04-10 16:38:52.050 [I] [proxy/proxy_manager.go:180] [0fc1c0d87c18bf27] proxy added: [couple-memory-web]
2026-04-10 16:38:52.070 [I] [client/control.go:176] [0fc1c0d87c18bf27] [couple-memory-web] start proxy success
2026-04-10 22:56:18.830 [I] [client/service.go:378] [0fc1c0d87c18bf27] try to connect to server...
2026-04-10 22:56:18.922 [I] [client/service.go:370] [0fc1c0d87c18bf27] login to server success, get run id [0fc1c0d87c18bf27]
2026-04-10 22:56:18.922 [I] [proxy/proxy_manager.go:180] [0fc1c0d87c18bf27] proxy added: [couple-memory-web]
2026-04-10 22:56:18.951 [I] [client/control.go:176] [0fc1c0d87c18bf27] [couple-memory-web] start proxy success
2026-04-10 23:30:08.881 [I] [client/service.go:378] [0fc1c0d87c18bf27] try to connect to server...
2026-04-10 23:30:12.465 [W] [client/service.go:381] [0fc1c0d87c18bf27] connect to server error: session shutdown
2026-04-10 23:30:14.488 [I] [client/service.go:378] [0fc1c0d87c18bf27] try to connect to server...
2026-04-10 23:30:14.512 [W] [client/service.go:381] [0fc1c0d87c18bf27] connect to server error: session shutdown
2026-04-10 23:30:18.634 [I] [client/service.go:378] [0fc1c0d87c18bf27] try to connect to server...
2026-04-10 23:30:18.869 [W] [client/service.go:381] [0fc1c0d87c18bf27] connect to server error: session shutdown
2026-04-10 23:30:27.813 [I] [client/service.go:378] [0fc1c0d87c18bf27] try to connect to server...
2026-04-10 23:30:27.814 [W] [client/service.go:381] [0fc1c0d87c18bf27] connect to server error: dial tcp 114.55.225.26:7000: connectex: A socket operation was attempted to an unreachable host.
2026-04-10 23:30:47.468 [I] [client/service.go:378] [0fc1c0d87c18bf27] try to connect to server...
2026-04-10 23:30:47.574 [I] [client/service.go:370] [0fc1c0d87c18bf27] login to server success, get run id [0fc1c0d87c18bf27]
2026-04-10 23:30:47.575 [I] [proxy/proxy_manager.go:180] [0fc1c0d87c18bf27] proxy added: [couple-memory-web]
2026-04-10 23:30:47.607 [I] [client/control.go:176] [0fc1c0d87c18bf27] [couple-memory-web] start proxy success
