2026-03-25 22:35:18,373 | INFO | control_server | Control panel started at http://127.0.0.1:8787/app?token=dd2e15efa3da24d8c55967fd37a0db1b
2026-03-25 22:35:18,373 | INFO | main | Service started at 2026-03-25T22:35:18.373638
2026-03-25 22:35:18,375 | INFO | main | Control panel available at http://127.0.0.1:8787/app?token=dd2e15efa3da24d8c55967fd37a0db1b
2026-03-25 22:35:19,370 | INFO | main | history preload ticks=1427 rebuilt_bars=274 preload_minutes=2880
2026-03-25 22:35:19,750 | WARNING | collectors.icbc_accumulated_gold | ICBC accumulated gold attempt 1 failed: HTTPSConnectionPool(host='mybank.icbc.com.cn', port=443): Max retries exceeded with url: /icbc/newperbank/perbank3/gold/goldaccrual_query_out.jsp (Caused by SSLError(SSLError(1, '[SSL: UNSAFE_LEGACY_RENEGOTIATION_DISABLED] unsafe legacy renegotiation disabled (_ssl.c:1010)')))
2026-03-25 22:35:21,131 | WARNING | collectors.icbc_accumulated_gold | ICBC accumulated gold attempt 2 failed: HTTPSConnectionPool(host='mybank.icbc.com.cn', port=443): Max retries exceeded with url: /icbc/newperbank/perbank3/gold/goldaccrual_query_out.jsp (Caused by SSLError(SSLError(1, '[SSL: UNSAFE_LEGACY_RENEGOTIATION_DISABLED] unsafe legacy renegotiation disabled (_ssl.c:1010)')))
2026-03-25 22:35:23,503 | WARNING | collectors.icbc_accumulated_gold | ICBC accumulated gold attempt 3 failed: HTTPSConnectionPool(host='mybank.icbc.com.cn', port=443): Max retries exceeded with url: /icbc/newperbank/perbank3/gold/goldaccrual_query_out.jsp (Caused by SSLError(SSLError(1, '[SSL: UNSAFE_LEGACY_RENEGOTIATION_DISABLED] unsafe legacy renegotiation disabled (_ssl.c:1010)')))
2026-03-25 22:35:24,654 | INFO | main | cycle run_mode=live now=2026-03-25T22:35:19.371191 tick_written=True new_bars=0 events=1 errors=[]
2026-03-25 22:36:00,378 | WARNING | collectors.icbc_accumulated_gold | ICBC accumulated gold attempt 1 failed: HTTPSConnectionPool(host='mybank.icbc.com.cn', port=443): Max retries exceeded with url: /icbc/newperbank/perbank3/gold/goldaccrual_query_out.jsp (Caused by SSLError(SSLError(1, '[SSL: UNSAFE_LEGACY_RENEGOTIATION_DISABLED] unsafe legacy renegotiation disabled (_ssl.c:1010)')))
2026-03-25 22:36:01,774 | WARNING | collectors.icbc_accumulated_gold | ICBC accumulated gold attempt 2 failed: HTTPSConnectionPool(host='mybank.icbc.com.cn', port=443): Max retries exceeded with url: /icbc/newperbank/perbank3/gold/goldaccrual_query_out.jsp (Caused by SSLError(SSLError(1, '[SSL: UNSAFE_LEGACY_RENEGOTIATION_DISABLED] unsafe legacy renegotiation disabled (_ssl.c:1010)')))
2026-03-25 22:36:04,161 | WARNING | collectors.icbc_accumulated_gold | ICBC accumulated gold attempt 3 failed: HTTPSConnectionPool(host='mybank.icbc.com.cn', port=443): Max retries exceeded with url: /icbc/newperbank/perbank3/gold/goldaccrual_query_out.jsp (Caused by SSLError(SSLError(1, '[SSL: UNSAFE_LEGACY_RENEGOTIATION_DISABLED] unsafe legacy renegotiation disabled (_ssl.c:1010)')))
2026-03-25 22:36:04,415 | INFO | main | cycle run_mode=live now=2026-03-25T22:36:00.000157 tick_written=True new_bars=0 events=1 errors=[]
2026-03-25 22:36:08,841 | INFO | control_server | control ""GET /api/config/public?token=dd2e15efa3da24d8c55967fd37a0db1b HTTP/1.1" 200 -"
2026-03-25 22:36:08,841 | INFO | control_server | control ""GET /app?token=dd2e15efa3da24d8c55967fd37a0db1b HTTP/1.1" 200 -"
2026-03-25 22:36:08,939 | INFO | control_server | control ""GET /app?token=dd2e15efa3da24d8c55967fd37a0db1b HTTP/1.1" 200 -"
2026-03-25 22:36:26,552 | INFO | control_server | control ""GET /api/state/current?token=dd2e15efa3da24d8c55967fd37a0db1b HTTP/1.1" 200 -"
2026-03-25 22:37:00,737 | WARNING | collectors.icbc_accumulated_gold | ICBC accumulated gold attempt 1 failed: HTTPSConnectionPool(host='mybank.icbc.com.cn', port=443): Max retries exceeded with url: /icbc/newperbank/perbank3/gold/goldaccrual_query_out.jsp (Caused by SSLError(SSLError(1, '[SSL: UNSAFE_LEGACY_RENEGOTIATION_DISABLED] unsafe legacy renegotiation disabled (_ssl.c:1010)')))
2026-03-25 22:37:02,467 | WARNING | collectors.icbc_accumulated_gold | ICBC accumulated gold attempt 2 failed: HTTPSConnectionPool(host='mybank.icbc.com.cn', port=443): Max retries exceeded with url: /icbc/newperbank/perbank3/gold/goldaccrual_query_out.jsp (Caused by SSLError(SSLError(1, '[SSL: UNSAFE_LEGACY_RENEGOTIATION_DISABLED] unsafe legacy renegotiation disabled (_ssl.c:1010)')))
2026-03-25 22:37:05,201 | WARNING | collectors.icbc_accumulated_gold | ICBC accumulated gold attempt 3 failed: HTTPSConnectionPool(host='mybank.icbc.com.cn', port=443): Max retries exceeded with url: /icbc/newperbank/perbank3/gold/goldaccrual_query_out.jsp (Caused by SSLError(SSLError(1, '[SSL: UNSAFE_LEGACY_RENEGOTIATION_DISABLED] unsafe legacy renegotiation disabled (_ssl.c:1010)')))
2026-03-25 22:37:05,465 | INFO | main | cycle run_mode=live now=2026-03-25T22:37:00.000522 tick_written=True new_bars=0 events=1 errors=[]
2026-03-25 22:38:00,881 | WARNING | collectors.icbc_accumulated_gold | ICBC accumulated gold attempt 1 failed: HTTPSConnectionPool(host='mybank.icbc.com.cn', port=443): Max retries exceeded with url: /icbc/newperbank/perbank3/gold/goldaccrual_query_out.jsp (Caused by SSLError(SSLError(1, '[SSL: UNSAFE_LEGACY_RENEGOTIATION_DISABLED] unsafe legacy renegotiation disabled (_ssl.c:1010)')))
2026-03-25 22:38:02,644 | WARNING | collectors.icbc_accumulated_gold | ICBC accumulated gold attempt 2 failed: HTTPSConnectionPool(host='mybank.icbc.com.cn', port=443): Max retries exceeded with url: /icbc/newperbank/perbank3/gold/goldaccrual_query_out.jsp (Caused by SSLError(SSLError(1, '[SSL: UNSAFE_LEGACY_RENEGOTIATION_DISABLED] unsafe legacy renegotiation disabled (_ssl.c:1010)')))
2026-03-25 22:38:05,455 | WARNING | collectors.icbc_accumulated_gold | ICBC accumulated gold attempt 3 failed: HTTPSConnectionPool(host='mybank.icbc.com.cn', port=443): Max retries exceeded with url: /icbc/newperbank/perbank3/gold/goldaccrual_query_out.jsp (Caused by SSLError(SSLError(1, '[SSL: UNSAFE_LEGACY_RENEGOTIATION_DISABLED] unsafe legacy renegotiation disabled (_ssl.c:1010)')))
2026-03-25 22:38:05,855 | INFO | main | cycle run_mode=live now=2026-03-25T22:38:00.001063 tick_written=True new_bars=0 events=1 errors=[]
2026-03-25 22:39:00,783 | WARNING | collectors.icbc_accumulated_gold | ICBC accumulated gold attempt 1 failed: HTTPSConnectionPool(host='mybank.icbc.com.cn', port=443): Max retries exceeded with url: /icbc/newperbank/perbank3/gold/goldaccrual_query_out.jsp (Caused by SSLError(SSLError(1, '[SSL: UNSAFE_LEGACY_RENEGOTIATION_DISABLED] unsafe legacy renegotiation disabled (_ssl.c:1010)')))
2026-03-25 22:39:02,538 | WARNING | collectors.icbc_accumulated_gold | ICBC accumulated gold attempt 2 failed: HTTPSConnectionPool(host='mybank.icbc.com.cn', port=443): Max retries exceeded with url: /icbc/newperbank/perbank3/gold/goldaccrual_query_out.jsp (Caused by SSLError(SSLError(1, '[SSL: UNSAFE_LEGACY_RENEGOTIATION_DISABLED] unsafe legacy renegotiation disabled (_ssl.c:1010)')))
2026-03-25 22:39:05,326 | WARNING | collectors.icbc_accumulated_gold | ICBC accumulated gold attempt 3 failed: HTTPSConnectionPool(host='mybank.icbc.com.cn', port=443): Max retries exceeded with url: /icbc/newperbank/perbank3/gold/goldaccrual_query_out.jsp (Caused by SSLError(SSLError(1, '[SSL: UNSAFE_LEGACY_RENEGOTIATION_DISABLED] unsafe legacy renegotiation disabled (_ssl.c:1010)')))
2026-03-25 22:39:05,584 | INFO | main | cycle run_mode=live now=2026-03-25T22:39:00.000530 tick_written=True new_bars=0 events=1 errors=[]
2026-03-25 22:40:00,914 | WARNING | collectors.icbc_accumulated_gold | ICBC accumulated gold attempt 1 failed: HTTPSConnectionPool(host='mybank.icbc.com.cn', port=443): Max retries exceeded with url: /icbc/newperbank/perbank3/gold/goldaccrual_query_out.jsp (Caused by SSLError(SSLError(1, '[SSL: UNSAFE_LEGACY_RENEGOTIATION_DISABLED] unsafe legacy renegotiation disabled (_ssl.c:1010)')))
2026-03-25 22:40:02,822 | WARNING | collectors.icbc_accumulated_gold | ICBC accumulated gold attempt 2 failed: HTTPSConnectionPool(host='mybank.icbc.com.cn', port=443): Max retries exceeded with url: /icbc/newperbank/perbank3/gold/goldaccrual_query_out.jsp (Caused by SSLError(SSLError(1, '[SSL: UNSAFE_LEGACY_RENEGOTIATION_DISABLED] unsafe legacy renegotiation disabled (_ssl.c:1010)')))
2026-03-25 22:40:05,696 | WARNING | collectors.icbc_accumulated_gold | ICBC accumulated gold attempt 3 failed: HTTPSConnectionPool(host='mybank.icbc.com.cn', port=443): Max retries exceeded with url: /icbc/newperbank/perbank3/gold/goldaccrual_query_out.jsp (Caused by SSLError(SSLError(1, '[SSL: UNSAFE_LEGACY_RENEGOTIATION_DISABLED] unsafe legacy renegotiation disabled (_ssl.c:1010)')))
2026-03-25 22:40:05,997 | INFO | main | cycle run_mode=live now=2026-03-25T22:40:00.001189 tick_written=True new_bars=1 events=1 errors=[]
2026-03-25 22:41:00,879 | WARNING | collectors.icbc_accumulated_gold | ICBC accumulated gold attempt 1 failed: HTTPSConnectionPool(host='mybank.icbc.com.cn', port=443): Max retries exceeded with url: /icbc/newperbank/perbank3/gold/goldaccrual_query_out.jsp (Caused by SSLError(SSLError(1, '[SSL: UNSAFE_LEGACY_RENEGOTIATION_DISABLED] unsafe legacy renegotiation disabled (_ssl.c:1010)')))
2026-03-25 22:41:02,760 | WARNING | collectors.icbc_accumulated_gold | ICBC accumulated gold attempt 2 failed: HTTPSConnectionPool(host='mybank.icbc.com.cn', port=443): Max retries exceeded with url: /icbc/newperbank/perbank3/gold/goldaccrual_query_out.jsp (Caused by SSLError(SSLError(1, '[SSL: UNSAFE_LEGACY_RENEGOTIATION_DISABLED] unsafe legacy renegotiation disabled (_ssl.c:1010)')))
2026-03-25 22:41:05,628 | WARNING | collectors.icbc_accumulated_gold | ICBC accumulated gold attempt 3 failed: HTTPSConnectionPool(host='mybank.icbc.com.cn', port=443): Max retries exceeded with url: /icbc/newperbank/perbank3/gold/goldaccrual_query_out.jsp (Caused by SSLError(SSLError(1, '[SSL: UNSAFE_LEGACY_RENEGOTIATION_DISABLED] unsafe legacy renegotiation disabled (_ssl.c:1010)')))
2026-03-25 22:41:05,942 | INFO | main | cycle run_mode=live now=2026-03-25T22:41:00.000578 tick_written=True new_bars=0 events=1 errors=[]
2026-03-25 22:41:37,959 | INFO | control_server | control ""GET /app?token=dd2e15efa3da24d8c55967fd37a0db1b HTTP/1.1" 200 -"
2026-03-25 22:41:38,152 | INFO | control_server | control ""GET /favicon.ico HTTP/1.1" 403 -"
2026-03-25 22:42:00,903 | WARNING | collectors.icbc_accumulated_gold | ICBC accumulated gold attempt 1 failed: HTTPSConnectionPool(host='mybank.icbc.com.cn', port=443): Max retries exceeded with url: /icbc/newperbank/perbank3/gold/goldaccrual_query_out.jsp (Caused by SSLError(SSLError(1, '[SSL: UNSAFE_LEGACY_RENEGOTIATION_DISABLED] unsafe legacy renegotiation disabled (_ssl.c:1010)')))
2026-03-25 22:42:02,777 | WARNING | collectors.icbc_accumulated_gold | ICBC accumulated gold attempt 2 failed: HTTPSConnectionPool(host='mybank.icbc.com.cn', port=443): Max retries exceeded with url: /icbc/newperbank/perbank3/gold/goldaccrual_query_out.jsp (Caused by SSLError(SSLError(1, '[SSL: UNSAFE_LEGACY_RENEGOTIATION_DISABLED] unsafe legacy renegotiation disabled (_ssl.c:1010)')))
2026-03-25 22:42:05,673 | WARNING | collectors.icbc_accumulated_gold | ICBC accumulated gold attempt 3 failed: HTTPSConnectionPool(host='mybank.icbc.com.cn', port=443): Max retries exceeded with url: /icbc/newperbank/perbank3/gold/goldaccrual_query_out.jsp (Caused by SSLError(SSLError(1, '[SSL: UNSAFE_LEGACY_RENEGOTIATION_DISABLED] unsafe legacy renegotiation disabled (_ssl.c:1010)')))
2026-03-25 22:42:06,005 | INFO | main | cycle run_mode=live now=2026-03-25T22:42:00.002411 tick_written=True new_bars=0 events=1 errors=[]
2026-03-25 22:43:00,884 | WARNING | collectors.icbc_accumulated_gold | ICBC accumulated gold attempt 1 failed: HTTPSConnectionPool(host='mybank.icbc.com.cn', port=443): Max retries exceeded with url: /icbc/newperbank/perbank3/gold/goldaccrual_query_out.jsp (Caused by SSLError(SSLError(1, '[SSL: UNSAFE_LEGACY_RENEGOTIATION_DISABLED] unsafe legacy renegotiation disabled (_ssl.c:1010)')))
2026-03-25 22:43:02,756 | WARNING | collectors.icbc_accumulated_gold | ICBC accumulated gold attempt 2 failed: HTTPSConnectionPool(host='mybank.icbc.com.cn', port=443): Max retries exceeded with url: /icbc/newperbank/perbank3/gold/goldaccrual_query_out.jsp (Caused by SSLError(SSLError(1, '[SSL: UNSAFE_LEGACY_RENEGOTIATION_DISABLED] unsafe legacy renegotiation disabled (_ssl.c:1010)')))
2026-03-25 22:43:05,623 | WARNING | collectors.icbc_accumulated_gold | ICBC accumulated gold attempt 3 failed: HTTPSConnectionPool(host='mybank.icbc.com.cn', port=443): Max retries exceeded with url: /icbc/newperbank/perbank3/gold/goldaccrual_query_out.jsp (Caused by SSLError(SSLError(1, '[SSL: UNSAFE_LEGACY_RENEGOTIATION_DISABLED] unsafe legacy renegotiation disabled (_ssl.c:1010)')))
2026-03-25 22:43:05,890 | INFO | main | cycle run_mode=live now=2026-03-25T22:43:00.001091 tick_written=True new_bars=0 events=1 errors=[]
2026-03-25 22:44:00,772 | WARNING | collectors.icbc_accumulated_gold | ICBC accumulated gold attempt 1 failed: HTTPSConnectionPool(host='mybank.icbc.com.cn', port=443): Max retries exceeded with url: /icbc/newperbank/perbank3/gold/goldaccrual_query_out.jsp (Caused by SSLError(SSLError(1, '[SSL: UNSAFE_LEGACY_RENEGOTIATION_DISABLED] unsafe legacy renegotiation disabled (_ssl.c:1010)')))
2026-03-25 22:44:02,518 | WARNING | collectors.icbc_accumulated_gold | ICBC accumulated gold attempt 2 failed: HTTPSConnectionPool(host='mybank.icbc.com.cn', port=443): Max retries exceeded with url: /icbc/newperbank/perbank3/gold/goldaccrual_query_out.jsp (Caused by SSLError(SSLError(1, '[SSL: UNSAFE_LEGACY_RENEGOTIATION_DISABLED] unsafe legacy renegotiation disabled (_ssl.c:1010)')))
2026-03-25 22:44:05,282 | WARNING | collectors.icbc_accumulated_gold | ICBC accumulated gold attempt 3 failed: HTTPSConnectionPool(host='mybank.icbc.com.cn', port=443): Max retries exceeded with url: /icbc/newperbank/perbank3/gold/goldaccrual_query_out.jsp (Caused by SSLError(SSLError(1, '[SSL: UNSAFE_LEGACY_RENEGOTIATION_DISABLED] unsafe legacy renegotiation disabled (_ssl.c:1010)')))
2026-03-25 22:44:05,554 | INFO | main | cycle run_mode=live now=2026-03-25T22:44:00.001081 tick_written=True new_bars=0 events=1 errors=[]
2026-03-25 22:45:00,747 | WARNING | collectors.icbc_accumulated_gold | ICBC accumulated gold attempt 1 failed: HTTPSConnectionPool(host='mybank.icbc.com.cn', port=443): Max retries exceeded with url: /icbc/newperbank/perbank3/gold/goldaccrual_query_out.jsp (Caused by SSLError(SSLError(1, '[SSL: UNSAFE_LEGACY_RENEGOTIATION_DISABLED] unsafe legacy renegotiation disabled (_ssl.c:1010)')))
2026-03-25 22:45:02,503 | WARNING | collectors.icbc_accumulated_gold | ICBC accumulated gold attempt 2 failed: HTTPSConnectionPool(host='mybank.icbc.com.cn', port=443): Max retries exceeded with url: /icbc/newperbank/perbank3/gold/goldaccrual_query_out.jsp (Caused by SSLError(SSLError(1, '[SSL: UNSAFE_LEGACY_RENEGOTIATION_DISABLED] unsafe legacy renegotiation disabled (_ssl.c:1010)')))
2026-03-25 22:45:05,274 | WARNING | collectors.icbc_accumulated_gold | ICBC accumulated gold attempt 3 failed: HTTPSConnectionPool(host='mybank.icbc.com.cn', port=443): Max retries exceeded with url: /icbc/newperbank/perbank3/gold/goldaccrual_query_out.jsp (Caused by SSLError(SSLError(1, '[SSL: UNSAFE_LEGACY_RENEGOTIATION_DISABLED] unsafe legacy renegotiation disabled (_ssl.c:1010)')))
2026-03-25 22:45:05,568 | INFO | main | cycle run_mode=live now=2026-03-25T22:45:00.000282 tick_written=True new_bars=1 events=1 errors=[]
2026-03-25 22:46:00,825 | WARNING | collectors.icbc_accumulated_gold | ICBC accumulated gold attempt 1 failed: HTTPSConnectionPool(host='mybank.icbc.com.cn', port=443): Max retries exceeded with url: /icbc/newperbank/perbank3/gold/goldaccrual_query_out.jsp (Caused by SSLError(SSLError(1, '[SSL: UNSAFE_LEGACY_RENEGOTIATION_DISABLED] unsafe legacy renegotiation disabled (_ssl.c:1010)')))
2026-03-25 22:46:02,560 | WARNING | collectors.icbc_accumulated_gold | ICBC accumulated gold attempt 2 failed: HTTPSConnectionPool(host='mybank.icbc.com.cn', port=443): Max retries exceeded with url: /icbc/newperbank/perbank3/gold/goldaccrual_query_out.jsp (Caused by SSLError(SSLError(1, '[SSL: UNSAFE_LEGACY_RENEGOTIATION_DISABLED] unsafe legacy renegotiation disabled (_ssl.c:1010)')))
2026-03-25 22:46:05,342 | WARNING | collectors.icbc_accumulated_gold | ICBC accumulated gold attempt 3 failed: HTTPSConnectionPool(host='mybank.icbc.com.cn', port=443): Max retries exceeded with url: /icbc/newperbank/perbank3/gold/goldaccrual_query_out.jsp (Caused by SSLError(SSLError(1, '[SSL: UNSAFE_LEGACY_RENEGOTIATION_DISABLED] unsafe legacy renegotiation disabled (_ssl.c:1010)')))
2026-03-25 22:46:05,712 | INFO | main | cycle run_mode=live now=2026-03-25T22:46:00.000266 tick_written=True new_bars=0 events=1 errors=[]
2026-03-25 22:47:00,702 | WARNING | collectors.icbc_accumulated_gold | ICBC accumulated gold attempt 1 failed: HTTPSConnectionPool(host='mybank.icbc.com.cn', port=443): Max retries exceeded with url: /icbc/newperbank/perbank3/gold/goldaccrual_query_out.jsp (Caused by SSLError(SSLError(1, '[SSL: UNSAFE_LEGACY_RENEGOTIATION_DISABLED] unsafe legacy renegotiation disabled (_ssl.c:1010)')))
2026-03-25 22:47:02,441 | WARNING | collectors.icbc_accumulated_gold | ICBC accumulated gold attempt 2 failed: HTTPSConnectionPool(host='mybank.icbc.com.cn', port=443): Max retries exceeded with url: /icbc/newperbank/perbank3/gold/goldaccrual_query_out.jsp (Caused by SSLError(SSLError(1, '[SSL: UNSAFE_LEGACY_RENEGOTIATION_DISABLED] unsafe legacy renegotiation disabled (_ssl.c:1010)')))
2026-03-25 22:47:05,216 | WARNING | collectors.icbc_accumulated_gold | ICBC accumulated gold attempt 3 failed: HTTPSConnectionPool(host='mybank.icbc.com.cn', port=443): Max retries exceeded with url: /icbc/newperbank/perbank3/gold/goldaccrual_query_out.jsp (Caused by SSLError(SSLError(1, '[SSL: UNSAFE_LEGACY_RENEGOTIATION_DISABLED] unsafe legacy renegotiation disabled (_ssl.c:1010)')))
2026-03-25 22:47:05,502 | INFO | main | cycle run_mode=live now=2026-03-25T22:47:00.000619 tick_written=True new_bars=0 events=1 errors=[]
2026-03-25 22:48:00,730 | WARNING | collectors.icbc_accumulated_gold | ICBC accumulated gold attempt 1 failed: HTTPSConnectionPool(host='mybank.icbc.com.cn', port=443): Max retries exceeded with url: /icbc/newperbank/perbank3/gold/goldaccrual_query_out.jsp (Caused by SSLError(SSLError(1, '[SSL: UNSAFE_LEGACY_RENEGOTIATION_DISABLED] unsafe legacy renegotiation disabled (_ssl.c:1010)')))
2026-03-25 22:48:02,483 | WARNING | collectors.icbc_accumulated_gold | ICBC accumulated gold attempt 2 failed: HTTPSConnectionPool(host='mybank.icbc.com.cn', port=443): Max retries exceeded with url: /icbc/newperbank/perbank3/gold/goldaccrual_query_out.jsp (Caused by SSLError(SSLError(1, '[SSL: UNSAFE_LEGACY_RENEGOTIATION_DISABLED] unsafe legacy renegotiation disabled (_ssl.c:1010)')))
2026-03-25 22:48:05,253 | WARNING | collectors.icbc_accumulated_gold | ICBC accumulated gold attempt 3 failed: HTTPSConnectionPool(host='mybank.icbc.com.cn', port=443): Max retries exceeded with url: /icbc/newperbank/perbank3/gold/goldaccrual_query_out.jsp (Caused by SSLError(SSLError(1, '[SSL: UNSAFE_LEGACY_RENEGOTIATION_DISABLED] unsafe legacy renegotiation disabled (_ssl.c:1010)')))
2026-03-25 22:48:05,511 | INFO | main | cycle run_mode=live now=2026-03-25T22:48:00.000295 tick_written=True new_bars=0 events=1 errors=[]
2026-03-25 22:49:00,728 | WARNING | collectors.icbc_accumulated_gold | ICBC accumulated gold attempt 1 failed: HTTPSConnectionPool(host='mybank.icbc.com.cn', port=443): Max retries exceeded with url: /icbc/newperbank/perbank3/gold/goldaccrual_query_out.jsp (Caused by SSLError(SSLError(1, '[SSL: UNSAFE_LEGACY_RENEGOTIATION_DISABLED] unsafe legacy renegotiation disabled (_ssl.c:1010)')))
2026-03-25 22:49:00,882 | INFO | control_server | control ""GET /app?token=dd2e15efa3da24d8c55967fd37a0db1b HTTP/1.1" 200 -"
2026-03-25 22:49:00,920 | INFO | control_server | control ""GET /favicon.ico HTTP/1.1" 403 -"
2026-03-25 22:49:02,511 | WARNING | collectors.icbc_accumulated_gold | ICBC accumulated gold attempt 2 failed: HTTPSConnectionPool(host='mybank.icbc.com.cn', port=443): Max retries exceeded with url: /icbc/newperbank/perbank3/gold/goldaccrual_query_out.jsp (Caused by SSLError(SSLError(1, '[SSL: UNSAFE_LEGACY_RENEGOTIATION_DISABLED] unsafe legacy renegotiation disabled (_ssl.c:1010)')))
2026-03-25 22:49:05,264 | WARNING | collectors.icbc_accumulated_gold | ICBC accumulated gold attempt 3 failed: HTTPSConnectionPool(host='mybank.icbc.com.cn', port=443): Max retries exceeded with url: /icbc/newperbank/perbank3/gold/goldaccrual_query_out.jsp (Caused by SSLError(SSLError(1, '[SSL: UNSAFE_LEGACY_RENEGOTIATION_DISABLED] unsafe legacy renegotiation disabled (_ssl.c:1010)')))
2026-03-25 22:49:05,560 | INFO | main | cycle run_mode=live now=2026-03-25T22:49:00.001399 tick_written=True new_bars=0 events=1 errors=[]
2026-03-25 22:49:08,912 | INFO | control_server | control ""GET /app?token=dd2e15efa3da24d8c55967fd37a0db1b HTTP/1.1" 200 -"
2026-03-25 22:49:08,937 | INFO | control_server | control ""GET /favicon.ico HTTP/1.1" 403 -"
2026-03-25 22:50:00,791 | WARNING | collectors.icbc_accumulated_gold | ICBC accumulated gold attempt 1 failed: HTTPSConnectionPool(host='mybank.icbc.com.cn', port=443): Max retries exceeded with url: /icbc/newperbank/perbank3/gold/goldaccrual_query_out.jsp (Caused by SSLError(SSLError(1, '[SSL: UNSAFE_LEGACY_RENEGOTIATION_DISABLED] unsafe legacy renegotiation disabled (_ssl.c:1010)')))
2026-03-25 22:50:02,542 | WARNING | collectors.icbc_accumulated_gold | ICBC accumulated gold attempt 2 failed: HTTPSConnectionPool(host='mybank.icbc.com.cn', port=443): Max retries exceeded with url: /icbc/newperbank/perbank3/gold/goldaccrual_query_out.jsp (Caused by SSLError(SSLError(1, '[SSL: UNSAFE_LEGACY_RENEGOTIATION_DISABLED] unsafe legacy renegotiation disabled (_ssl.c:1010)')))
2026-03-25 22:50:05,298 | WARNING | collectors.icbc_accumulated_gold | ICBC accumulated gold attempt 3 failed: HTTPSConnectionPool(host='mybank.icbc.com.cn', port=443): Max retries exceeded with url: /icbc/newperbank/perbank3/gold/goldaccrual_query_out.jsp (Caused by SSLError(SSLError(1, '[SSL: UNSAFE_LEGACY_RENEGOTIATION_DISABLED] unsafe legacy renegotiation disabled (_ssl.c:1010)')))
2026-03-25 22:50:05,595 | INFO | main | cycle run_mode=live now=2026-03-25T22:50:00.000679 tick_written=True new_bars=1 events=1 errors=[]
2026-03-25 22:50:37,501 | INFO | control_server | control ""POST /api/position/sync?token=dd2e15efa3da24d8c55967fd37a0db1b HTTP/1.1" 200 -"
2026-03-25 22:50:37,566 | INFO | control_server | control ""GET /favicon.ico HTTP/1.1" 403 -"
2026-03-25 22:50:44,675 | INFO | control_server | control ""GET /favicon.ico HTTP/1.1" 403 -"
----------------------------------------
Exception occurred during processing of request from ('127.0.0.1', 51695)
Traceback (most recent call last):
  File "socketserver.py", line 697, in process_request_thread
  File "socketserver.py", line 362, in finish_request
  File "socketserver.py", line 766, in __init__
  File "http\server.py", line 436, in handle
  File "http\server.py", line 424, in handle_one_request
  File "C:\Users\arcfever\Documents\New project\python\gold_strategy_alert\control_server.py", line 468, in do_POST
    self._handle_mutation()
  File "C:\Users\arcfever\Documents\New project\python\gold_strategy_alert\control_server.py", line 483, in _handle_mutation
    entry_time=_parse_datetime(payload.get("entry_time")),
               ^^^^^^^^^^^^^^^^^^^^^^^^^^^^^^^^^^^^^^^^^^
  File "C:\Users\arcfever\Documents\New project\python\gold_strategy_alert\control_server.py", line 796, in _parse_datetime
    return datetime.fromisoformat(str(value))
           ^^^^^^^^^^^^^^^^^^^^^^^^^^^^^^^^^^
ValueError: Invalid isoformat string: '1'
----------------------------------------
----------------------------------------
Exception occurred during processing of request from ('127.0.0.1', 62087)
Traceback (most recent call last):
  File "socketserver.py", line 697, in process_request_thread
  File "socketserver.py", line 362, in finish_request
  File "socketserver.py", line 766, in __init__
  File "http\server.py", line 436, in handle
  File "http\server.py", line 424, in handle_one_request
  File "C:\Users\arcfever\Documents\New project\python\gold_strategy_alert\control_server.py", line 468, in do_POST
    self._handle_mutation()
  File "C:\Users\arcfever\Documents\New project\python\gold_strategy_alert\control_server.py", line 483, in _handle_mutation
    entry_time=_parse_datetime(payload.get("entry_time")),
               ^^^^^^^^^^^^^^^^^^^^^^^^^^^^^^^^^^^^^^^^^^
  File "C:\Users\arcfever\Documents\New project\python\gold_strategy_alert\control_server.py", line 796, in _parse_datetime
    return datetime.fromisoformat(str(value))
           ^^^^^^^^^^^^^^^^^^^^^^^^^^^^^^^^^^
ValueError: Invalid isoformat string: '1'
----------------------------------------
2026-03-25 22:50:50,373 | INFO | control_server | control ""GET /favicon.ico HTTP/1.1" 403 -"
2026-03-25 22:50:56,371 | INFO | control_server | control ""POST /api/position/sync?token=dd2e15efa3da24d8c55967fd37a0db1b HTTP/1.1" 200 -"
2026-03-25 22:50:56,406 | INFO | control_server | control ""GET /favicon.ico HTTP/1.1" 403 -"
2026-03-25 22:51:00,756 | WARNING | collectors.icbc_accumulated_gold | ICBC accumulated gold attempt 1 failed: HTTPSConnectionPool(host='mybank.icbc.com.cn', port=443): Max retries exceeded with url: /icbc/newperbank/perbank3/gold/goldaccrual_query_out.jsp (Caused by SSLError(SSLError(1, '[SSL: UNSAFE_LEGACY_RENEGOTIATION_DISABLED] unsafe legacy renegotiation disabled (_ssl.c:1010)')))
2026-03-25 22:51:02,547 | WARNING | collectors.icbc_accumulated_gold | ICBC accumulated gold attempt 2 failed: HTTPSConnectionPool(host='mybank.icbc.com.cn', port=443): Max retries exceeded with url: /icbc/newperbank/perbank3/gold/goldaccrual_query_out.jsp (Caused by SSLError(SSLError(1, '[SSL: UNSAFE_LEGACY_RENEGOTIATION_DISABLED] unsafe legacy renegotiation disabled (_ssl.c:1010)')))
2026-03-25 22:51:05,352 | WARNING | collectors.icbc_accumulated_gold | ICBC accumulated gold attempt 3 failed: HTTPSConnectionPool(host='mybank.icbc.com.cn', port=443): Max retries exceeded with url: /icbc/newperbank/perbank3/gold/goldaccrual_query_out.jsp (Caused by SSLError(SSLError(1, '[SSL: UNSAFE_LEGACY_RENEGOTIATION_DISABLED] unsafe legacy renegotiation disabled (_ssl.c:1010)')))
2026-03-25 22:51:06,570 | INFO | main | cycle run_mode=live now=2026-03-25T22:51:00.000654 tick_written=True new_bars=0 events=2 errors=[]
2026-03-25 22:52:00,880 | WARNING | collectors.icbc_accumulated_gold | ICBC accumulated gold attempt 1 failed: HTTPSConnectionPool(host='mybank.icbc.com.cn', port=443): Max retries exceeded with url: /icbc/newperbank/perbank3/gold/goldaccrual_query_out.jsp (Caused by SSLError(SSLError(1, '[SSL: UNSAFE_LEGACY_RENEGOTIATION_DISABLED] unsafe legacy renegotiation disabled (_ssl.c:1010)')))
2026-03-25 22:52:02,765 | WARNING | collectors.icbc_accumulated_gold | ICBC accumulated gold attempt 2 failed: HTTPSConnectionPool(host='mybank.icbc.com.cn', port=443): Max retries exceeded with url: /icbc/newperbank/perbank3/gold/goldaccrual_query_out.jsp (Caused by SSLError(SSLError(1, '[SSL: UNSAFE_LEGACY_RENEGOTIATION_DISABLED] unsafe legacy renegotiation disabled (_ssl.c:1010)')))
2026-03-25 22:52:05,633 | WARNING | collectors.icbc_accumulated_gold | ICBC accumulated gold attempt 3 failed: HTTPSConnectionPool(host='mybank.icbc.com.cn', port=443): Max retries exceeded with url: /icbc/newperbank/perbank3/gold/goldaccrual_query_out.jsp (Caused by SSLError(SSLError(1, '[SSL: UNSAFE_LEGACY_RENEGOTIATION_DISABLED] unsafe legacy renegotiation disabled (_ssl.c:1010)')))
2026-03-25 22:52:05,928 | INFO | main | cycle run_mode=live now=2026-03-25T22:52:00.000269 tick_written=True new_bars=0 events=1 errors=[]
2026-03-25 22:53:00,838 | WARNING | collectors.icbc_accumulated_gold | ICBC accumulated gold attempt 1 failed: HTTPSConnectionPool(host='mybank.icbc.com.cn', port=443): Max retries exceeded with url: /icbc/newperbank/perbank3/gold/goldaccrual_query_out.jsp (Caused by SSLError(SSLError(1, '[SSL: UNSAFE_LEGACY_RENEGOTIATION_DISABLED] unsafe legacy renegotiation disabled (_ssl.c:1010)')))
2026-03-25 22:53:00,930 | INFO | control_server | control ""GET /api/state/current?token=dd2e15efa3da24d8c55967fd37a0db1b HTTP/1.1" 200 -"
2026-03-25 22:53:02,602 | WARNING | collectors.icbc_accumulated_gold | ICBC accumulated gold attempt 2 failed: HTTPSConnectionPool(host='mybank.icbc.com.cn', port=443): Max retries exceeded with url: /icbc/newperbank/perbank3/gold/goldaccrual_query_out.jsp (Caused by SSLError(SSLError(1, '[SSL: UNSAFE_LEGACY_RENEGOTIATION_DISABLED] unsafe legacy renegotiation disabled (_ssl.c:1010)')))
2026-03-25 22:53:05,397 | WARNING | collectors.icbc_accumulated_gold | ICBC accumulated gold attempt 3 failed: HTTPSConnectionPool(host='mybank.icbc.com.cn', port=443): Max retries exceeded with url: /icbc/newperbank/perbank3/gold/goldaccrual_query_out.jsp (Caused by SSLError(SSLError(1, '[SSL: UNSAFE_LEGACY_RENEGOTIATION_DISABLED] unsafe legacy renegotiation disabled (_ssl.c:1010)')))
2026-03-25 22:53:05,712 | INFO | main | cycle run_mode=live now=2026-03-25T22:53:00.000181 tick_written=True new_bars=0 events=1 errors=[]
2026-03-25 22:54:00,799 | WARNING | collectors.icbc_accumulated_gold | ICBC accumulated gold attempt 1 failed: HTTPSConnectionPool(host='mybank.icbc.com.cn', port=443): Max retries exceeded with url: /icbc/newperbank/perbank3/gold/goldaccrual_query_out.jsp (Caused by SSLError(SSLError(1, '[SSL: UNSAFE_LEGACY_RENEGOTIATION_DISABLED] unsafe legacy renegotiation disabled (_ssl.c:1010)')))
2026-03-25 22:54:02,582 | WARNING | collectors.icbc_accumulated_gold | ICBC accumulated gold attempt 2 failed: HTTPSConnectionPool(host='mybank.icbc.com.cn', port=443): Max retries exceeded with url: /icbc/newperbank/perbank3/gold/goldaccrual_query_out.jsp (Caused by SSLError(SSLError(1, '[SSL: UNSAFE_LEGACY_RENEGOTIATION_DISABLED] unsafe legacy renegotiation disabled (_ssl.c:1010)')))
2026-03-25 22:54:05,349 | WARNING | collectors.icbc_accumulated_gold | ICBC accumulated gold attempt 3 failed: HTTPSConnectionPool(host='mybank.icbc.com.cn', port=443): Max retries exceeded with url: /icbc/newperbank/perbank3/gold/goldaccrual_query_out.jsp (Caused by SSLError(SSLError(1, '[SSL: UNSAFE_LEGACY_RENEGOTIATION_DISABLED] unsafe legacy renegotiation disabled (_ssl.c:1010)')))
2026-03-25 22:54:05,707 | INFO | main | cycle run_mode=live now=2026-03-25T22:54:00.000460 tick_written=True new_bars=0 events=1 errors=[]
2026-03-25 22:55:00,775 | WARNING | collectors.icbc_accumulated_gold | ICBC accumulated gold attempt 1 failed: HTTPSConnectionPool(host='mybank.icbc.com.cn', port=443): Max retries exceeded with url: /icbc/newperbank/perbank3/gold/goldaccrual_query_out.jsp (Caused by SSLError(SSLError(1, '[SSL: UNSAFE_LEGACY_RENEGOTIATION_DISABLED] unsafe legacy renegotiation disabled (_ssl.c:1010)')))
2026-03-25 22:55:02,555 | WARNING | collectors.icbc_accumulated_gold | ICBC accumulated gold attempt 2 failed: HTTPSConnectionPool(host='mybank.icbc.com.cn', port=443): Max retries exceeded with url: /icbc/newperbank/perbank3/gold/goldaccrual_query_out.jsp (Caused by SSLError(SSLError(1, '[SSL: UNSAFE_LEGACY_RENEGOTIATION_DISABLED] unsafe legacy renegotiation disabled (_ssl.c:1010)')))
2026-03-25 22:55:05,356 | WARNING | collectors.icbc_accumulated_gold | ICBC accumulated gold attempt 3 failed: HTTPSConnectionPool(host='mybank.icbc.com.cn', port=443): Max retries exceeded with url: /icbc/newperbank/perbank3/gold/goldaccrual_query_out.jsp (Caused by SSLError(SSLError(1, '[SSL: UNSAFE_LEGACY_RENEGOTIATION_DISABLED] unsafe legacy renegotiation disabled (_ssl.c:1010)')))
2026-03-25 22:55:05,694 | INFO | main | cycle run_mode=live now=2026-03-25T22:55:00.000787 tick_written=True new_bars=1 events=1 errors=[]
2026-03-25 22:56:00,753 | WARNING | collectors.icbc_accumulated_gold | ICBC accumulated gold attempt 1 failed: HTTPSConnectionPool(host='mybank.icbc.com.cn', port=443): Max retries exceeded with url: /icbc/newperbank/perbank3/gold/goldaccrual_query_out.jsp (Caused by SSLError(SSLError(1, '[SSL: UNSAFE_LEGACY_RENEGOTIATION_DISABLED] unsafe legacy renegotiation disabled (_ssl.c:1010)')))
2026-03-25 22:56:02,556 | WARNING | collectors.icbc_accumulated_gold | ICBC accumulated gold attempt 2 failed: HTTPSConnectionPool(host='mybank.icbc.com.cn', port=443): Max retries exceeded with url: /icbc/newperbank/perbank3/gold/goldaccrual_query_out.jsp (Caused by SSLError(SSLError(1, '[SSL: UNSAFE_LEGACY_RENEGOTIATION_DISABLED] unsafe legacy renegotiation disabled (_ssl.c:1010)')))
2026-03-25 22:56:05,323 | WARNING | collectors.icbc_accumulated_gold | ICBC accumulated gold attempt 3 failed: HTTPSConnectionPool(host='mybank.icbc.com.cn', port=443): Max retries exceeded with url: /icbc/newperbank/perbank3/gold/goldaccrual_query_out.jsp (Caused by SSLError(SSLError(1, '[SSL: UNSAFE_LEGACY_RENEGOTIATION_DISABLED] unsafe legacy renegotiation disabled (_ssl.c:1010)')))
2026-03-25 22:56:05,583 | INFO | main | cycle run_mode=live now=2026-03-25T22:56:00.000067 tick_written=True new_bars=0 events=1 errors=[]
2026-03-25 22:57:00,799 | WARNING | collectors.icbc_accumulated_gold | ICBC accumulated gold attempt 1 failed: HTTPSConnectionPool(host='mybank.icbc.com.cn', port=443): Max retries exceeded with url: /icbc/newperbank/perbank3/gold/goldaccrual_query_out.jsp (Caused by SSLError(SSLError(1, '[SSL: UNSAFE_LEGACY_RENEGOTIATION_DISABLED] unsafe legacy renegotiation disabled (_ssl.c:1010)')))
2026-03-25 22:57:02,575 | WARNING | collectors.icbc_accumulated_gold | ICBC accumulated gold attempt 2 failed: HTTPSConnectionPool(host='mybank.icbc.com.cn', port=443): Max retries exceeded with url: /icbc/newperbank/perbank3/gold/goldaccrual_query_out.jsp (Caused by SSLError(SSLError(1, '[SSL: UNSAFE_LEGACY_RENEGOTIATION_DISABLED] unsafe legacy renegotiation disabled (_ssl.c:1010)')))
2026-03-25 22:57:05,334 | WARNING | collectors.icbc_accumulated_gold | ICBC accumulated gold attempt 3 failed: HTTPSConnectionPool(host='mybank.icbc.com.cn', port=443): Max retries exceeded with url: /icbc/newperbank/perbank3/gold/goldaccrual_query_out.jsp (Caused by SSLError(SSLError(1, '[SSL: UNSAFE_LEGACY_RENEGOTIATION_DISABLED] unsafe legacy renegotiation disabled (_ssl.c:1010)')))
2026-03-25 22:57:05,654 | INFO | main | cycle run_mode=live now=2026-03-25T22:57:00.002328 tick_written=True new_bars=0 events=1 errors=[]
2026-03-25 22:58:00,823 | WARNING | collectors.icbc_accumulated_gold | ICBC accumulated gold attempt 1 failed: HTTPSConnectionPool(host='mybank.icbc.com.cn', port=443): Max retries exceeded with url: /icbc/newperbank/perbank3/gold/goldaccrual_query_out.jsp (Caused by SSLError(SSLError(1, '[SSL: UNSAFE_LEGACY_RENEGOTIATION_DISABLED] unsafe legacy renegotiation disabled (_ssl.c:1010)')))
2026-03-25 22:58:02,546 | WARNING | collectors.icbc_accumulated_gold | ICBC accumulated gold attempt 2 failed: HTTPSConnectionPool(host='mybank.icbc.com.cn', port=443): Max retries exceeded with url: /icbc/newperbank/perbank3/gold/goldaccrual_query_out.jsp (Caused by SSLError(SSLError(1, '[SSL: UNSAFE_LEGACY_RENEGOTIATION_DISABLED] unsafe legacy renegotiation disabled (_ssl.c:1010)')))
2026-03-25 22:58:05,329 | WARNING | collectors.icbc_accumulated_gold | ICBC accumulated gold attempt 3 failed: HTTPSConnectionPool(host='mybank.icbc.com.cn', port=443): Max retries exceeded with url: /icbc/newperbank/perbank3/gold/goldaccrual_query_out.jsp (Caused by SSLError(SSLError(1, '[SSL: UNSAFE_LEGACY_RENEGOTIATION_DISABLED] unsafe legacy renegotiation disabled (_ssl.c:1010)')))
2026-03-25 22:58:05,692 | INFO | main | cycle run_mode=live now=2026-03-25T22:58:00.000733 tick_written=True new_bars=0 events=1 errors=[]
2026-03-25 22:59:00,748 | WARNING | collectors.icbc_accumulated_gold | ICBC accumulated gold attempt 1 failed: HTTPSConnectionPool(host='mybank.icbc.com.cn', port=443): Max retries exceeded with url: /icbc/newperbank/perbank3/gold/goldaccrual_query_out.jsp (Caused by SSLError(SSLError(1, '[SSL: UNSAFE_LEGACY_RENEGOTIATION_DISABLED] unsafe legacy renegotiation disabled (_ssl.c:1010)')))
2026-03-25 22:59:02,511 | WARNING | collectors.icbc_accumulated_gold | ICBC accumulated gold attempt 2 failed: HTTPSConnectionPool(host='mybank.icbc.com.cn', port=443): Max retries exceeded with url: /icbc/newperbank/perbank3/gold/goldaccrual_query_out.jsp (Caused by SSLError(SSLError(1, '[SSL: UNSAFE_LEGACY_RENEGOTIATION_DISABLED] unsafe legacy renegotiation disabled (_ssl.c:1010)')))
2026-03-25 22:59:05,293 | WARNING | collectors.icbc_accumulated_gold | ICBC accumulated gold attempt 3 failed: HTTPSConnectionPool(host='mybank.icbc.com.cn', port=443): Max retries exceeded with url: /icbc/newperbank/perbank3/gold/goldaccrual_query_out.jsp (Caused by SSLError(SSLError(1, '[SSL: UNSAFE_LEGACY_RENEGOTIATION_DISABLED] unsafe legacy renegotiation disabled (_ssl.c:1010)')))
2026-03-25 22:59:05,530 | INFO | main | cycle run_mode=live now=2026-03-25T22:59:00.000541 tick_written=True new_bars=0 events=1 errors=[]
2026-03-25 22:59:10,374 | INFO | control_server | control ""GET /favicon.ico HTTP/1.1" 403 -"
2026-03-25 22:59:27,263 | INFO | control_server | control ""GET /app?token=dd2e15efa3da24d8c55967fd37a0db1b HTTP/1.1" 200 -"
2026-03-25 22:59:27,290 | INFO | control_server | control ""GET /favicon.ico HTTP/1.1" 403 -"
2026-03-25 22:59:29,595 | INFO | control_server | control ""GET /app?token=dd2e15efa3da24d8c55967fd37a0db1b HTTP/1.1" 200 -"
2026-03-25 22:59:29,621 | INFO | control_server | control ""GET /favicon.ico HTTP/1.1" 403 -"
2026-03-25 22:59:30,281 | INFO | control_server | control ""GET /app?token=dd2e15efa3da24d8c55967fd37a0db1b HTTP/1.1" 200 -"
2026-03-25 22:59:30,304 | INFO | control_server | control ""GET /favicon.ico HTTP/1.1" 403 -"
2026-03-25 22:59:40,831 | INFO | control_server | control ""GET /app?token=dd2e15efa3da24d8c55967fd37a0db1b HTTP/1.1" 200 -"
2026-03-25 22:59:40,857 | INFO | control_server | control ""GET /favicon.ico HTTP/1.1" 403 -"
----------------------------------------
Exception occurred during processing of request from ('127.0.0.1', 59901)
Traceback (most recent call last):
  File "socketserver.py", line 697, in process_request_thread
  File "socketserver.py", line 362, in finish_request
  File "socketserver.py", line 766, in __init__
  File "http\server.py", line 436, in handle
  File "http\server.py", line 424, in handle_one_request
  File "C:\Users\arcfever\Documents\New project\python\gold_strategy_alert\control_server.py", line 468, in do_POST
    self._handle_mutation()
  File "C:\Users\arcfever\Documents\New project\python\gold_strategy_alert\control_server.py", line 483, in _handle_mutation
    entry_time=_parse_datetime(payload.get("entry_time")),
               ^^^^^^^^^^^^^^^^^^^^^^^^^^^^^^^^^^^^^^^^^^
  File "C:\Users\arcfever\Documents\New project\python\gold_strategy_alert\control_server.py", line 796, in _parse_datetime
    return datetime.fromisoformat(str(value))
           ^^^^^^^^^^^^^^^^^^^^^^^^^^^^^^^^^^
ValueError: Invalid isoformat string: '1'
----------------------------------------
----------------------------------------
Exception occurred during processing of request from ('127.0.0.1', 57818)
Traceback (most recent call last):
  File "socketserver.py", line 697, in process_request_thread
  File "socketserver.py", line 362, in finish_request
  File "socketserver.py", line 766, in __init__
  File "http\server.py", line 436, in handle
  File "http\server.py", line 424, in handle_one_request
  File "C:\Users\arcfever\Documents\New project\python\gold_strategy_alert\control_server.py", line 468, in do_POST
    self._handle_mutation()
  File "C:\Users\arcfever\Documents\New project\python\gold_strategy_alert\control_server.py", line 483, in _handle_mutation
    entry_time=_parse_datetime(payload.get("entry_time")),
               ^^^^^^^^^^^^^^^^^^^^^^^^^^^^^^^^^^^^^^^^^^
  File "C:\Users\arcfever\Documents\New project\python\gold_strategy_alert\control_server.py", line 796, in _parse_datetime
    return datetime.fromisoformat(str(value))
           ^^^^^^^^^^^^^^^^^^^^^^^^^^^^^^^^^^
ValueError: Invalid isoformat string: '1'
----------------------------------------
----------------------------------------
Exception occurred during processing of request from ('127.0.0.1', 52412)
Traceback (most recent call last):
  File "socketserver.py", line 697, in process_request_thread
  File "socketserver.py", line 362, in finish_request
  File "socketserver.py", line 766, in __init__
  File "http\server.py", line 436, in handle
  File "http\server.py", line 424, in handle_one_request
  File "C:\Users\arcfever\Documents\New project\python\gold_strategy_alert\control_server.py", line 468, in do_POST
    self._handle_mutation()
  File "C:\Users\arcfever\Documents\New project\python\gold_strategy_alert\control_server.py", line 483, in _handle_mutation
    entry_time=_parse_datetime(payload.get("entry_time")),
               ^^^^^^^^^^^^^^^^^^^^^^^^^^^^^^^^^^^^^^^^^^
  File "C:\Users\arcfever\Documents\New project\python\gold_strategy_alert\control_server.py", line 796, in _parse_datetime
    return datetime.fromisoformat(str(value))
           ^^^^^^^^^^^^^^^^^^^^^^^^^^^^^^^^^^
ValueError: Invalid isoformat string: '1'
----------------------------------------
----------------------------------------
Exception occurred during processing of request from ('127.0.0.1', 60696)
Traceback (most recent call last):
  File "socketserver.py", line 697, in process_request_thread
  File "socketserver.py", line 362, in finish_request
  File "socketserver.py", line 766, in __init__
  File "http\server.py", line 436, in handle
  File "http\server.py", line 424, in handle_one_request
  File "C:\Users\arcfever\Documents\New project\python\gold_strategy_alert\control_server.py", line 468, in do_POST
    self._handle_mutation()
  File "C:\Users\arcfever\Documents\New project\python\gold_strategy_alert\control_server.py", line 483, in _handle_mutation
    entry_time=_parse_datetime(payload.get("entry_time")),
               ^^^^^^^^^^^^^^^^^^^^^^^^^^^^^^^^^^^^^^^^^^
  File "C:\Users\arcfever\Documents\New project\python\gold_strategy_alert\control_server.py", line 796, in _parse_datetime
    return datetime.fromisoformat(str(value))
           ^^^^^^^^^^^^^^^^^^^^^^^^^^^^^^^^^^
ValueError: Invalid isoformat string: '1'
----------------------------------------
2026-03-25 23:00:00,410 | WARNING | collectors.icbc_accumulated_gold | ICBC accumulated gold attempt 1 failed: HTTPSConnectionPool(host='mybank.icbc.com.cn', port=443): Max retries exceeded with url: /icbc/newperbank/perbank3/gold/goldaccrual_query_out.jsp (Caused by SSLError(SSLError(1, '[SSL: UNSAFE_LEGACY_RENEGOTIATION_DISABLED] unsafe legacy renegotiation disabled (_ssl.c:1010)')))
2026-03-25 23:00:01,818 | WARNING | collectors.icbc_accumulated_gold | ICBC accumulated gold attempt 2 failed: HTTPSConnectionPool(host='mybank.icbc.com.cn', port=443): Max retries exceeded with url: /icbc/newperbank/perbank3/gold/goldaccrual_query_out.jsp (Caused by SSLError(SSLError(1, '[SSL: UNSAFE_LEGACY_RENEGOTIATION_DISABLED] unsafe legacy renegotiation disabled (_ssl.c:1010)')))
2026-03-25 23:00:04,574 | WARNING | collectors.icbc_accumulated_gold | ICBC accumulated gold attempt 3 failed: HTTPSConnectionPool(host='mybank.icbc.com.cn', port=443): Max retries exceeded with url: /icbc/newperbank/perbank3/gold/goldaccrual_query_out.jsp (Caused by SSLError(SSLError(1, '[SSL: UNSAFE_LEGACY_RENEGOTIATION_DISABLED] unsafe legacy renegotiation disabled (_ssl.c:1010)')))
2026-03-25 23:00:04,857 | INFO | main | cycle run_mode=live now=2026-03-25T23:00:00.000801 tick_written=True new_bars=1 events=1 errors=[]
2026-03-25 23:01:00,005 | WARNING | collectors.icbc_accumulated_gold | ICBC accumulated gold attempt 1 failed: HTTPSConnectionPool(host='mybank.icbc.com.cn', port=443): Max retries exceeded with url: /icbc/newperbank/perbank3/gold/goldaccrual_query_out.jsp (Caused by NameResolutionError("HTTPSConnection(host='mybank.icbc.com.cn', port=443): Failed to resolve 'mybank.icbc.com.cn' ([Errno 11001] getaddrinfo failed)"))
2026-03-25 23:01:01,008 | WARNING | collectors.icbc_accumulated_gold | ICBC accumulated gold attempt 2 failed: HTTPSConnectionPool(host='mybank.icbc.com.cn', port=443): Max retries exceeded with url: /icbc/newperbank/perbank3/gold/goldaccrual_query_out.jsp (Caused by NameResolutionError("HTTPSConnection(host='mybank.icbc.com.cn', port=443): Failed to resolve 'mybank.icbc.com.cn' ([Errno 11001] getaddrinfo failed)"))
2026-03-25 23:01:03,009 | WARNING | collectors.icbc_accumulated_gold | ICBC accumulated gold attempt 3 failed: HTTPSConnectionPool(host='mybank.icbc.com.cn', port=443): Max retries exceeded with url: /icbc/newperbank/perbank3/gold/goldaccrual_query_out.jsp (Caused by NameResolutionError("HTTPSConnection(host='mybank.icbc.com.cn', port=443): Failed to resolve 'mybank.icbc.com.cn' ([Errno 11001] getaddrinfo failed)"))
2026-03-25 23:01:03,064 | WARNING | collectors.icbc_accumulated_gold | ICBC curl fallback failed for https://mybank.icbc.com.cn/icbc/newperbank/perbank3/gold/goldaccrual_query_out.jsp: Command '['curl.exe', '-s', '-L', '-A', 'Mozilla/5.0 (Windows NT 10.0; Win64; x64) AppleWebKit/537.36 (KHTML, like Gecko) Chrome/123.0.0.0 Safari/537.36', 'https://mybank.icbc.com.cn/icbc/newperbank/perbank3/gold/goldaccrual_query_out.jsp', '--max-time', '20', '-w', '\n__CODEX_HTTP_STATUS__:%{http_code}\n__CODEX_EFFECTIVE_URL__:%{url_effective}\n']' returned non-zero exit status 6.
2026-03-25 23:01:03,064 | WARNING | data_provider | Primary ICBC collector failed, falling back to portal collector: Failed to fetch ICBC accumulated gold page: HTTPSConnectionPool(host='mybank.icbc.com.cn', port=443): Max retries exceeded with url: /icbc/newperbank/perbank3/gold/goldaccrual_query_out.jsp (Caused by NameResolutionError("HTTPSConnection(host='mybank.icbc.com.cn', port=443): Failed to resolve 'mybank.icbc.com.cn' ([Errno 11001] getaddrinfo failed)"))
2026-03-25 23:01:03,071 | WARNING | collectors.icbc_portal_fallback | ICBC portal fetch attempt 1 failed for https://www.icbc.com.cn/ICBC/%E7%BD%91%E4%B8%8A%E9%BB%84%E9%87%91/: HTTPSConnectionPool(host='www.icbc.com.cn', port=443): Max retries exceeded with url: /ICBC/%E7%BD%91%E4%B8%8A%E9%BB%84%E9%87%91/ (Caused by NameResolutionError("HTTPSConnection(host='www.icbc.com.cn', port=443): Failed to resolve 'www.icbc.com.cn' ([Errno 11001] getaddrinfo failed)"))
2026-03-25 23:01:13,218 | WARNING | collectors.icbc_portal_fallback | ICBC portal fetch attempt 2 failed for https://www.icbc.com.cn/ICBC/%E7%BD%91%E4%B8%8A%E9%BB%84%E9%87%91/: ('Connection aborted.', ConnectionResetError(10054, '远程主机强迫关闭了一个现有的连接。', None, 10054, None))
2026-03-25 23:01:23,080 | WARNING | collectors.icbc_portal_fallback | ICBC portal fetch attempt 3 failed for https://www.icbc.com.cn/ICBC/%E7%BD%91%E4%B8%8A%E9%BB%84%E9%87%91/: HTTPSConnectionPool(host='www.icbc.com.cn', port=443): Max retries exceeded with url: /ICBC/%E7%BD%91%E4%B8%8A%E9%BB%84%E9%87%91/ (Caused by SSLError(SSLCertVerificationError(1, '[SSL: CERTIFICATE_VERIFY_FAILED] certificate verify failed: self-signed certificate (_ssl.c:1010)')))
2026-03-25 23:01:28,125 | WARNING | collectors.icbc_portal_fallback | ICBC portal curl fallback failed for https://www.icbc.com.cn/ICBC/%E7%BD%91%E4%B8%8A%E9%BB%84%E9%87%91/: Command '['curl.exe', '-s', '-L', '-A', 'Mozilla/5.0 (Windows NT 10.0; Win64; x64) AppleWebKit/537.36 (KHTML, like Gecko) Chrome/123.0.0.0 Safari/537.36', 'https://www.icbc.com.cn/ICBC/%E7%BD%91%E4%B8%8A%E9%BB%84%E9%87%91/', '--max-time', '20', '-w', '\n__CODEX_HTTP_STATUS__:%{http_code}\n__CODEX_EFFECTIVE_URL__:%{url_effective}\n']' returned non-zero exit status 35.
2026-03-25 23:01:28,138 | INFO | main | cycle run_mode=live now=2026-03-25T23:01:00.000447 tick_written=False new_bars=0 events=1 errors=["Failed to fetch ICBC portal URL https://www.icbc.com.cn/ICBC/%E7%BD%91%E4%B8%8A%E9%BB%84%E9%87%91/: HTTPSConnectionPool(host='www.icbc.com.cn', port=443): Max retries exceeded with url: /ICBC/%E7%BD%91%E4%B8%8A%E9%BB%84%E9%87%91/ (Caused by SSLError(SSLCertVerificationError(1, '[SSL: CERTIFICATE_VERIFY_FAILED] certificate verify failed: self-signed certificate (_ssl.c:1010)')))"]
2026-03-25 23:02:05,047 | WARNING | collectors.icbc_accumulated_gold | ICBC accumulated gold attempt 1 failed: ('Connection aborted.', ConnectionResetError(10054, '远程主机强迫关闭了一个现有的连接。', None, 10054, None))
2026-03-25 23:02:11,057 | WARNING | collectors.icbc_accumulated_gold | ICBC accumulated gold attempt 2 failed: ('Connection aborted.', ConnectionResetError(10054, '远程主机强迫关闭了一个现有的连接。', None, 10054, None))
2026-03-25 23:02:18,070 | WARNING | collectors.icbc_accumulated_gold | ICBC accumulated gold attempt 3 failed: ('Connection aborted.', ConnectionResetError(10054, '远程主机强迫关闭了一个现有的连接。', None, 10054, None))
2026-03-25 23:02:23,134 | WARNING | collectors.icbc_accumulated_gold | ICBC curl fallback failed for https://mybank.icbc.com.cn/icbc/newperbank/perbank3/gold/goldaccrual_query_out.jsp: Command '['curl.exe', '-s', '-L', '-A', 'Mozilla/5.0 (Windows NT 10.0; Win64; x64) AppleWebKit/537.36 (KHTML, like Gecko) Chrome/123.0.0.0 Safari/537.36', 'https://mybank.icbc.com.cn/icbc/newperbank/perbank3/gold/goldaccrual_query_out.jsp', '--max-time', '20', '-w', '\n__CODEX_HTTP_STATUS__:%{http_code}\n__CODEX_EFFECTIVE_URL__:%{url_effective}\n']' returned non-zero exit status 35.
2026-03-25 23:02:23,134 | WARNING | data_provider | Primary ICBC collector failed, falling back to portal collector: Failed to fetch ICBC accumulated gold page: ('Connection aborted.', ConnectionResetError(10054, '远程主机强迫关闭了一个现有的连接。', None, 10054, None))
2026-03-25 23:02:28,221 | WARNING | collectors.icbc_portal_fallback | ICBC portal fetch attempt 1 failed for https://www.icbc.com.cn/ICBC/%E7%BD%91%E4%B8%8A%E9%BB%84%E9%87%91/: ('Connection aborted.', ConnectionResetError(10054, '远程主机强迫关闭了一个现有的连接。', None, 10054, None))
2026-03-25 23:02:34,730 | WARNING | collectors.icbc_portal_fallback | ICBC portal fetch attempt 2 failed for https://www.icbc.com.cn/ICBC/%E7%BD%91%E4%B8%8A%E9%BB%84%E9%87%91/: HTTPSConnectionPool(host='www.icbc.com.cn', port=443): Max retries exceeded with url: /ICBC/%E7%BD%91%E4%B8%8A%E9%BB%84%E9%87%91/ (Caused by SSLError(SSLCertVerificationError(1, '[SSL: CERTIFICATE_VERIFY_FAILED] certificate verify failed: self-signed certificate (_ssl.c:1010)')))
2026-03-25 23:02:44,455 | WARNING | collectors.icbc_portal_fallback | ICBC portal fetch attempt 1 failed for https://mybank.icbc.com.cn/icbc/newperbank/perbank3/gold/goldaccrual_query_out.jsp: HTTPSConnectionPool(host='mybank.icbc.com.cn', port=443): Max retries exceeded with url: /icbc/newperbank/perbank3/gold/goldaccrual_query_out.jsp (Caused by SSLError(SSLError(1, '[SSL: UNSAFE_LEGACY_RENEGOTIATION_DISABLED] unsafe legacy renegotiation disabled (_ssl.c:1010)')))
2026-03-25 23:02:46,912 | WARNING | collectors.icbc_portal_fallback | ICBC portal fetch attempt 2 failed for https://mybank.icbc.com.cn/icbc/newperbank/perbank3/gold/goldaccrual_query_out.jsp: HTTPSConnectionPool(host='mybank.icbc.com.cn', port=443): Max retries exceeded with url: /icbc/newperbank/perbank3/gold/goldaccrual_query_out.jsp (Caused by SSLError(SSLError(1, '[SSL: UNSAFE_LEGACY_RENEGOTIATION_DISABLED] unsafe legacy renegotiation disabled (_ssl.c:1010)')))
2026-03-25 23:02:50,015 | WARNING | collectors.icbc_portal_fallback | ICBC portal fetch attempt 3 failed for https://mybank.icbc.com.cn/icbc/newperbank/perbank3/gold/goldaccrual_query_out.jsp: HTTPSConnectionPool(host='mybank.icbc.com.cn', port=443): Max retries exceeded with url: /icbc/newperbank/perbank3/gold/goldaccrual_query_out.jsp (Caused by SSLError(SSLError(1, '[SSL: UNSAFE_LEGACY_RENEGOTIATION_DISABLED] unsafe legacy renegotiation disabled (_ssl.c:1010)')))
2026-03-25 23:02:51,413 | INFO | main | cycle run_mode=live now=2026-03-25T23:02:00.004721 tick_written=True new_bars=0 events=2 errors=[]
2026-03-25 23:03:00,840 | WARNING | collectors.icbc_accumulated_gold | ICBC accumulated gold attempt 1 failed: HTTPSConnectionPool(host='mybank.icbc.com.cn', port=443): Max retries exceeded with url: /icbc/newperbank/perbank3/gold/goldaccrual_query_out.jsp (Caused by SSLError(SSLError(1, '[SSL: UNSAFE_LEGACY_RENEGOTIATION_DISABLED] unsafe legacy renegotiation disabled (_ssl.c:1010)')))
2026-03-25 23:03:02,683 | WARNING | collectors.icbc_accumulated_gold | ICBC accumulated gold attempt 2 failed: HTTPSConnectionPool(host='mybank.icbc.com.cn', port=443): Max retries exceeded with url: /icbc/newperbank/perbank3/gold/goldaccrual_query_out.jsp (Caused by SSLError(SSLError(1, '[SSL: UNSAFE_LEGACY_RENEGOTIATION_DISABLED] unsafe legacy renegotiation disabled (_ssl.c:1010)')))
2026-03-25 23:03:05,474 | WARNING | collectors.icbc_accumulated_gold | ICBC accumulated gold attempt 3 failed: HTTPSConnectionPool(host='mybank.icbc.com.cn', port=443): Max retries exceeded with url: /icbc/newperbank/perbank3/gold/goldaccrual_query_out.jsp (Caused by SSLError(SSLError(1, '[SSL: UNSAFE_LEGACY_RENEGOTIATION_DISABLED] unsafe legacy renegotiation disabled (_ssl.c:1010)')))
2026-03-25 23:03:05,849 | INFO | main | cycle run_mode=live now=2026-03-25T23:03:00.000452 tick_written=True new_bars=0 events=1 errors=[]
2026-03-25 23:04:00,896 | WARNING | collectors.icbc_accumulated_gold | ICBC accumulated gold attempt 1 failed: HTTPSConnectionPool(host='mybank.icbc.com.cn', port=443): Max retries exceeded with url: /icbc/newperbank/perbank3/gold/goldaccrual_query_out.jsp (Caused by SSLError(SSLError(1, '[SSL: UNSAFE_LEGACY_RENEGOTIATION_DISABLED] unsafe legacy renegotiation disabled (_ssl.c:1010)')))
2026-03-25 23:04:02,690 | WARNING | collectors.icbc_accumulated_gold | ICBC accumulated gold attempt 2 failed: HTTPSConnectionPool(host='mybank.icbc.com.cn', port=443): Max retries exceeded with url: /icbc/newperbank/perbank3/gold/goldaccrual_query_out.jsp (Caused by SSLError(SSLError(1, '[SSL: UNSAFE_LEGACY_RENEGOTIATION_DISABLED] unsafe legacy renegotiation disabled (_ssl.c:1010)')))
2026-03-25 23:04:05,538 | WARNING | collectors.icbc_accumulated_gold | ICBC accumulated gold attempt 3 failed: HTTPSConnectionPool(host='mybank.icbc.com.cn', port=443): Max retries exceeded with url: /icbc/newperbank/perbank3/gold/goldaccrual_query_out.jsp (Caused by SSLError(SSLError(1, '[SSL: UNSAFE_LEGACY_RENEGOTIATION_DISABLED] unsafe legacy renegotiation disabled (_ssl.c:1010)')))
2026-03-25 23:04:07,197 | INFO | main | cycle run_mode=live now=2026-03-25T23:04:00.001682 tick_written=True new_bars=0 events=1 errors=[]
2026-03-25 23:05:01,447 | WARNING | collectors.icbc_accumulated_gold | ICBC accumulated gold attempt 1 failed: HTTPSConnectionPool(host='mybank.icbc.com.cn', port=443): Max retries exceeded with url: /icbc/newperbank/perbank3/gold/goldaccrual_query_out.jsp (Caused by SSLError(SSLError(1, '[SSL: UNSAFE_LEGACY_RENEGOTIATION_DISABLED] unsafe legacy renegotiation disabled (_ssl.c:1010)')))
2026-03-25 23:05:03,797 | WARNING | collectors.icbc_accumulated_gold | ICBC accumulated gold attempt 2 failed: HTTPSConnectionPool(host='mybank.icbc.com.cn', port=443): Max retries exceeded with url: /icbc/newperbank/perbank3/gold/goldaccrual_query_out.jsp (Caused by SSLError(SSLError(1, '[SSL: UNSAFE_LEGACY_RENEGOTIATION_DISABLED] unsafe legacy renegotiation disabled (_ssl.c:1010)')))
2026-03-25 23:05:07,101 | WARNING | collectors.icbc_accumulated_gold | ICBC accumulated gold attempt 3 failed: HTTPSConnectionPool(host='mybank.icbc.com.cn', port=443): Max retries exceeded with url: /icbc/newperbank/perbank3/gold/goldaccrual_query_out.jsp (Caused by SSLError(SSLError(1, '[SSL: UNSAFE_LEGACY_RENEGOTIATION_DISABLED] unsafe legacy renegotiation disabled (_ssl.c:1010)')))
2026-03-25 23:05:08,174 | INFO | main | cycle run_mode=live now=2026-03-25T23:05:00.002419 tick_written=True new_bars=0 events=1 errors=[]
2026-03-25 23:06:01,354 | WARNING | collectors.icbc_accumulated_gold | ICBC accumulated gold attempt 1 failed: HTTPSConnectionPool(host='mybank.icbc.com.cn', port=443): Max retries exceeded with url: /icbc/newperbank/perbank3/gold/goldaccrual_query_out.jsp (Caused by SSLError(SSLError(1, '[SSL: UNSAFE_LEGACY_RENEGOTIATION_DISABLED] unsafe legacy renegotiation disabled (_ssl.c:1010)')))
2026-03-25 23:06:03,689 | WARNING | collectors.icbc_accumulated_gold | ICBC accumulated gold attempt 2 failed: HTTPSConnectionPool(host='mybank.icbc.com.cn', port=443): Max retries exceeded with url: /icbc/newperbank/perbank3/gold/goldaccrual_query_out.jsp (Caused by SSLError(SSLError(1, '[SSL: UNSAFE_LEGACY_RENEGOTIATION_DISABLED] unsafe legacy renegotiation disabled (_ssl.c:1010)')))
2026-03-25 23:06:07,029 | WARNING | collectors.icbc_accumulated_gold | ICBC accumulated gold attempt 3 failed: HTTPSConnectionPool(host='mybank.icbc.com.cn', port=443): Max retries exceeded with url: /icbc/newperbank/perbank3/gold/goldaccrual_query_out.jsp (Caused by SSLError(SSLError(1, '[SSL: UNSAFE_LEGACY_RENEGOTIATION_DISABLED] unsafe legacy renegotiation disabled (_ssl.c:1010)')))
2026-03-25 23:06:07,850 | INFO | main | cycle run_mode=live now=2026-03-25T23:06:00.003467 tick_written=True new_bars=0 events=1 errors=[]
2026-03-25 23:07:00,912 | WARNING | collectors.icbc_accumulated_gold | ICBC accumulated gold attempt 1 failed: HTTPSConnectionPool(host='mybank.icbc.com.cn', port=443): Max retries exceeded with url: /icbc/newperbank/perbank3/gold/goldaccrual_query_out.jsp (Caused by SSLError(SSLError(1, '[SSL: UNSAFE_LEGACY_RENEGOTIATION_DISABLED] unsafe legacy renegotiation disabled (_ssl.c:1010)')))
2026-03-25 23:07:02,712 | WARNING | collectors.icbc_accumulated_gold | ICBC accumulated gold attempt 2 failed: HTTPSConnectionPool(host='mybank.icbc.com.cn', port=443): Max retries exceeded with url: /icbc/newperbank/perbank3/gold/goldaccrual_query_out.jsp (Caused by SSLError(SSLError(1, '[SSL: UNSAFE_LEGACY_RENEGOTIATION_DISABLED] unsafe legacy renegotiation disabled (_ssl.c:1010)')))
2026-03-25 23:07:05,685 | WARNING | collectors.icbc_accumulated_gold | ICBC accumulated gold attempt 3 failed: HTTPSConnectionPool(host='mybank.icbc.com.cn', port=443): Max retries exceeded with url: /icbc/newperbank/perbank3/gold/goldaccrual_query_out.jsp (Caused by SSLError(SSLError(1, '[SSL: UNSAFE_LEGACY_RENEGOTIATION_DISABLED] unsafe legacy renegotiation disabled (_ssl.c:1010)')))
2026-03-25 23:07:06,388 | INFO | main | cycle run_mode=live now=2026-03-25T23:07:00.001189 tick_written=True new_bars=0 events=1 errors=[]
2026-03-25 23:08:01,429 | WARNING | collectors.icbc_accumulated_gold | ICBC accumulated gold attempt 1 failed: HTTPSConnectionPool(host='mybank.icbc.com.cn', port=443): Max retries exceeded with url: /icbc/newperbank/perbank3/gold/goldaccrual_query_out.jsp (Caused by SSLError(SSLError(1, '[SSL: UNSAFE_LEGACY_RENEGOTIATION_DISABLED] unsafe legacy renegotiation disabled (_ssl.c:1010)')))
2026-03-25 23:08:03,959 | WARNING | collectors.icbc_accumulated_gold | ICBC accumulated gold attempt 2 failed: HTTPSConnectionPool(host='mybank.icbc.com.cn', port=443): Max retries exceeded with url: /icbc/newperbank/perbank3/gold/goldaccrual_query_out.jsp (Caused by SSLError(SSLError(1, '[SSL: UNSAFE_LEGACY_RENEGOTIATION_DISABLED] unsafe legacy renegotiation disabled (_ssl.c:1010)')))
2026-03-25 23:08:07,453 | WARNING | collectors.icbc_accumulated_gold | ICBC accumulated gold attempt 3 failed: HTTPSConnectionPool(host='mybank.icbc.com.cn', port=443): Max retries exceeded with url: /icbc/newperbank/perbank3/gold/goldaccrual_query_out.jsp (Caused by SSLError(SSLError(1, '[SSL: UNSAFE_LEGACY_RENEGOTIATION_DISABLED] unsafe legacy renegotiation disabled (_ssl.c:1010)')))
2026-03-25 23:08:08,544 | INFO | main | cycle run_mode=live now=2026-03-25T23:08:00.000450 tick_written=True new_bars=0 events=1 errors=[]
2026-03-25 23:09:01,396 | WARNING | collectors.icbc_accumulated_gold | ICBC accumulated gold attempt 1 failed: HTTPSConnectionPool(host='mybank.icbc.com.cn', port=443): Max retries exceeded with url: /icbc/newperbank/perbank3/gold/goldaccrual_query_out.jsp (Caused by SSLError(SSLError(1, '[SSL: UNSAFE_LEGACY_RENEGOTIATION_DISABLED] unsafe legacy renegotiation disabled (_ssl.c:1010)')))
2026-03-25 23:09:03,833 | WARNING | collectors.icbc_accumulated_gold | ICBC accumulated gold attempt 2 failed: HTTPSConnectionPool(host='mybank.icbc.com.cn', port=443): Max retries exceeded with url: /icbc/newperbank/perbank3/gold/goldaccrual_query_out.jsp (Caused by SSLError(SSLError(1, '[SSL: UNSAFE_LEGACY_RENEGOTIATION_DISABLED] unsafe legacy renegotiation disabled (_ssl.c:1010)')))
2026-03-25 23:09:07,254 | WARNING | collectors.icbc_accumulated_gold | ICBC accumulated gold attempt 3 failed: HTTPSConnectionPool(host='mybank.icbc.com.cn', port=443): Max retries exceeded with url: /icbc/newperbank/perbank3/gold/goldaccrual_query_out.jsp (Caused by SSLError(SSLError(1, '[SSL: UNSAFE_LEGACY_RENEGOTIATION_DISABLED] unsafe legacy renegotiation disabled (_ssl.c:1010)')))
2026-03-25 23:09:08,182 | INFO | main | cycle run_mode=live now=2026-03-25T23:09:00.001269 tick_written=True new_bars=0 events=1 errors=[]
2026-03-25 23:10:01,515 | WARNING | collectors.icbc_accumulated_gold | ICBC accumulated gold attempt 1 failed: HTTPSConnectionPool(host='mybank.icbc.com.cn', port=443): Max retries exceeded with url: /icbc/newperbank/perbank3/gold/goldaccrual_query_out.jsp (Caused by SSLError(SSLError(1, '[SSL: UNSAFE_LEGACY_RENEGOTIATION_DISABLED] unsafe legacy renegotiation disabled (_ssl.c:1010)')))
2026-03-25 23:10:03,980 | WARNING | collectors.icbc_accumulated_gold | ICBC accumulated gold attempt 2 failed: HTTPSConnectionPool(host='mybank.icbc.com.cn', port=443): Max retries exceeded with url: /icbc/newperbank/perbank3/gold/goldaccrual_query_out.jsp (Caused by SSLError(SSLError(1, '[SSL: UNSAFE_LEGACY_RENEGOTIATION_DISABLED] unsafe legacy renegotiation disabled (_ssl.c:1010)')))
2026-03-25 23:10:07,422 | WARNING | collectors.icbc_accumulated_gold | ICBC accumulated gold attempt 3 failed: HTTPSConnectionPool(host='mybank.icbc.com.cn', port=443): Max retries exceeded with url: /icbc/newperbank/perbank3/gold/goldaccrual_query_out.jsp (Caused by SSLError(SSLError(1, '[SSL: UNSAFE_LEGACY_RENEGOTIATION_DISABLED] unsafe legacy renegotiation disabled (_ssl.c:1010)')))
2026-03-25 23:10:08,116 | INFO | main | cycle run_mode=live now=2026-03-25T23:10:00.007113 tick_written=True new_bars=1 events=1 errors=[]
2026-03-25 23:11:00,848 | WARNING | collectors.icbc_accumulated_gold | ICBC accumulated gold attempt 1 failed: HTTPSConnectionPool(host='mybank.icbc.com.cn', port=443): Max retries exceeded with url: /icbc/newperbank/perbank3/gold/goldaccrual_query_out.jsp (Caused by SSLError(SSLError(1, '[SSL: UNSAFE_LEGACY_RENEGOTIATION_DISABLED] unsafe legacy renegotiation disabled (_ssl.c:1010)')))
2026-03-25 23:11:02,712 | WARNING | collectors.icbc_accumulated_gold | ICBC accumulated gold attempt 2 failed: HTTPSConnectionPool(host='mybank.icbc.com.cn', port=443): Max retries exceeded with url: /icbc/newperbank/perbank3/gold/goldaccrual_query_out.jsp (Caused by SSLError(SSLError(1, '[SSL: UNSAFE_LEGACY_RENEGOTIATION_DISABLED] unsafe legacy renegotiation disabled (_ssl.c:1010)')))
2026-03-25 23:11:05,576 | WARNING | collectors.icbc_accumulated_gold | ICBC accumulated gold attempt 3 failed: HTTPSConnectionPool(host='mybank.icbc.com.cn', port=443): Max retries exceeded with url: /icbc/newperbank/perbank3/gold/goldaccrual_query_out.jsp (Caused by SSLError(SSLError(1, '[SSL: UNSAFE_LEGACY_RENEGOTIATION_DISABLED] unsafe legacy renegotiation disabled (_ssl.c:1010)')))
2026-03-25 23:11:06,505 | INFO | main | cycle run_mode=live now=2026-03-25T23:11:00.005312 tick_written=True new_bars=0 events=1 errors=[]
2026-03-25 23:12:01,468 | WARNING | collectors.icbc_accumulated_gold | ICBC accumulated gold attempt 1 failed: HTTPSConnectionPool(host='mybank.icbc.com.cn', port=443): Max retries exceeded with url: /icbc/newperbank/perbank3/gold/goldaccrual_query_out.jsp (Caused by SSLError(SSLError(1, '[SSL: UNSAFE_LEGACY_RENEGOTIATION_DISABLED] unsafe legacy renegotiation disabled (_ssl.c:1010)')))
----------------------------------------
Exception occurred during processing of request from ('127.0.0.1', 56320)
Traceback (most recent call last):
  File "socketserver.py", line 697, in process_request_thread
  File "socketserver.py", line 362, in finish_request
  File "socketserver.py", line 766, in __init__
  File "http\server.py", line 436, in handle
  File "http\server.py", line 424, in handle_one_request
  File "C:\Users\arcfever\Documents\New project\python\gold_strategy_alert\control_server.py", line 468, in do_POST
    self._handle_mutation()
  File "C:\Users\arcfever\Documents\New project\python\gold_strategy_alert\control_server.py", line 483, in _handle_mutation
    entry_time=_parse_datetime(payload.get("entry_time")),
               ^^^^^^^^^^^^^^^^^^^^^^^^^^^^^^^^^^^^^^^^^^
  File "C:\Users\arcfever\Documents\New project\python\gold_strategy_alert\control_server.py", line 796, in _parse_datetime
    return datetime.fromisoformat(str(value))
           ^^^^^^^^^^^^^^^^^^^^^^^^^^^^^^^^^^
ValueError: Invalid isoformat string: '1'
----------------------------------------
2026-03-25 23:12:03,845 | WARNING | collectors.icbc_accumulated_gold | ICBC accumulated gold attempt 2 failed: HTTPSConnectionPool(host='mybank.icbc.com.cn', port=443): Max retries exceeded with url: /icbc/newperbank/perbank3/gold/goldaccrual_query_out.jsp (Caused by SSLError(SSLError(1, '[SSL: UNSAFE_LEGACY_RENEGOTIATION_DISABLED] unsafe legacy renegotiation disabled (_ssl.c:1010)')))
----------------------------------------
Exception occurred during processing of request from ('127.0.0.1', 54973)
Traceback (most recent call last):
  File "socketserver.py", line 697, in process_request_thread
  File "socketserver.py", line 362, in finish_request
  File "socketserver.py", line 766, in __init__
  File "http\server.py", line 436, in handle
  File "http\server.py", line 424, in handle_one_request
  File "C:\Users\arcfever\Documents\New project\python\gold_strategy_alert\control_server.py", line 468, in do_POST
    self._handle_mutation()
  File "C:\Users\arcfever\Documents\New project\python\gold_strategy_alert\control_server.py", line 483, in _handle_mutation
    entry_time=_parse_datetime(payload.get("entry_time")),
               ^^^^^^^^^^^^^^^^^^^^^^^^^^^^^^^^^^^^^^^^^^
  File "C:\Users\arcfever\Documents\New project\python\gold_strategy_alert\control_server.py", line 796, in _parse_datetime
    return datetime.fromisoformat(str(value))
           ^^^^^^^^^^^^^^^^^^^^^^^^^^^^^^^^^^
ValueError: Invalid isoformat string: '1'
----------------------------------------
----------------------------------------
Exception occurred during processing of request from ('127.0.0.1', 57355)
Traceback (most recent call last):
  File "socketserver.py", line 697, in process_request_thread
  File "socketserver.py", line 362, in finish_request
  File "socketserver.py", line 766, in __init__
  File "http\server.py", line 436, in handle
  File "http\server.py", line 424, in handle_one_request
  File "C:\Users\arcfever\Documents\New project\python\gold_strategy_alert\control_server.py", line 468, in do_POST
    self._handle_mutation()
  File "C:\Users\arcfever\Documents\New project\python\gold_strategy_alert\control_server.py", line 483, in _handle_mutation
    entry_time=_parse_datetime(payload.get("entry_time")),
               ^^^^^^^^^^^^^^^^^^^^^^^^^^^^^^^^^^^^^^^^^^
  File "C:\Users\arcfever\Documents\New project\python\gold_strategy_alert\control_server.py", line 796, in _parse_datetime
    return datetime.fromisoformat(str(value))
           ^^^^^^^^^^^^^^^^^^^^^^^^^^^^^^^^^^
ValueError: Invalid isoformat string: '1'
----------------------------------------
----------------------------------------
Exception occurred during processing of request from ('127.0.0.1', 53562)
Traceback (most recent call last):
  File "socketserver.py", line 697, in process_request_thread
  File "socketserver.py", line 362, in finish_request
  File "socketserver.py", line 766, in __init__
  File "http\server.py", line 436, in handle
  File "http\server.py", line 424, in handle_one_request
  File "C:\Users\arcfever\Documents\New project\python\gold_strategy_alert\control_server.py", line 468, in do_POST
    self._handle_mutation()
  File "C:\Users\arcfever\Documents\New project\python\gold_strategy_alert\control_server.py", line 483, in _handle_mutation
    entry_time=_parse_datetime(payload.get("entry_time")),
               ^^^^^^^^^^^^^^^^^^^^^^^^^^^^^^^^^^^^^^^^^^
  File "C:\Users\arcfever\Documents\New project\python\gold_strategy_alert\control_server.py", line 796, in _parse_datetime
    return datetime.fromisoformat(str(value))
           ^^^^^^^^^^^^^^^^^^^^^^^^^^^^^^^^^^
ValueError: Invalid isoformat string: '1'
----------------------------------------
2026-03-25 23:12:06,870 | INFO | control_server | control ""GET /?token=dd2e15efa3da24d8c55967fd37a0db1b HTTP/1.1" 200 -"
2026-03-25 23:12:07,132 | INFO | control_server | control ""GET /favicon.ico HTTP/1.1" 403 -"
2026-03-25 23:12:07,180 | WARNING | collectors.icbc_accumulated_gold | ICBC accumulated gold attempt 3 failed: HTTPSConnectionPool(host='mybank.icbc.com.cn', port=443): Max retries exceeded with url: /icbc/newperbank/perbank3/gold/goldaccrual_query_out.jsp (Caused by SSLError(SSLError(1, '[SSL: UNSAFE_LEGACY_RENEGOTIATION_DISABLED] unsafe legacy renegotiation disabled (_ssl.c:1010)')))
2026-03-25 23:12:07,641 | INFO | main | cycle run_mode=live now=2026-03-25T23:12:00.001255 tick_written=True new_bars=0 events=1 errors=[]
----------------------------------------
Exception occurred during processing of request from ('127.0.0.1', 56958)
Traceback (most recent call last):
  File "socketserver.py", line 697, in process_request_thread
  File "socketserver.py", line 362, in finish_request
  File "socketserver.py", line 766, in __init__
  File "http\server.py", line 436, in handle
  File "http\server.py", line 424, in handle_one_request
  File "C:\Users\arcfever\Documents\New project\python\gold_strategy_alert\control_server.py", line 468, in do_POST
    self._handle_mutation()
  File "C:\Users\arcfever\Documents\New project\python\gold_strategy_alert\control_server.py", line 483, in _handle_mutation
    entry_time=_parse_datetime(payload.get("entry_time")),
               ^^^^^^^^^^^^^^^^^^^^^^^^^^^^^^^^^^^^^^^^^^
  File "C:\Users\arcfever\Documents\New project\python\gold_strategy_alert\control_server.py", line 796, in _parse_datetime
    return datetime.fromisoformat(str(value))
           ^^^^^^^^^^^^^^^^^^^^^^^^^^^^^^^^^^
ValueError: Invalid isoformat string: '1'
----------------------------------------
2026-03-25 23:12:20,168 | INFO | control_server | control ""GET /favicon.ico HTTP/1.1" 403 -"
----------------------------------------
Exception occurred during processing of request from ('127.0.0.1', 58265)
Traceback (most recent call last):
  File "socketserver.py", line 697, in process_request_thread
  File "socketserver.py", line 362, in finish_request
  File "socketserver.py", line 766, in __init__
  File "http\server.py", line 436, in handle
  File "http\server.py", line 424, in handle_one_request
  File "C:\Users\arcfever\Documents\New project\python\gold_strategy_alert\control_server.py", line 465, in do_PUT
    self._handle_mutation()
  File "C:\Users\arcfever\Documents\New project\python\gold_strategy_alert\control_server.py", line 472, in _handle_mutation
    payload = self._read_payload()
              ^^^^^^^^^^^^^^^^^^^^
  File "C:\Users\arcfever\Documents\New project\python\gold_strategy_alert\control_server.py", line 525, in _read_payload
    return json.loads(raw_body or "{}")
           ^^^^^^^^^^^^^^^^^^^^^^^^^^^^
  File "json\__init__.py", line 346, in loads
  File "json\decoder.py", line 338, in decode
  File "json\decoder.py", line 354, in raw_decode
json.decoder.JSONDecodeError: Expecting property name enclosed in double quotes: line 1 column 2 (char 1)
----------------------------------------
2026-03-25 23:12:52,787 | INFO | control_server | control ""GET /api/position/current?token=dd2e15efa3da24d8c55967fd37a0db1b HTTP/1.1" 200 -"
2026-03-25 23:13:01,391 | WARNING | collectors.icbc_accumulated_gold | ICBC accumulated gold attempt 1 failed: HTTPSConnectionPool(host='mybank.icbc.com.cn', port=443): Max retries exceeded with url: /icbc/newperbank/perbank3/gold/goldaccrual_query_out.jsp (Caused by SSLError(SSLError(1, '[SSL: UNSAFE_LEGACY_RENEGOTIATION_DISABLED] unsafe legacy renegotiation disabled (_ssl.c:1010)')))
2026-03-25 23:13:03,742 | WARNING | collectors.icbc_accumulated_gold | ICBC accumulated gold attempt 2 failed: HTTPSConnectionPool(host='mybank.icbc.com.cn', port=443): Max retries exceeded with url: /icbc/newperbank/perbank3/gold/goldaccrual_query_out.jsp (Caused by SSLError(SSLError(1, '[SSL: UNSAFE_LEGACY_RENEGOTIATION_DISABLED] unsafe legacy renegotiation disabled (_ssl.c:1010)')))
2026-03-25 23:13:07,126 | WARNING | collectors.icbc_accumulated_gold | ICBC accumulated gold attempt 3 failed: HTTPSConnectionPool(host='mybank.icbc.com.cn', port=443): Max retries exceeded with url: /icbc/newperbank/perbank3/gold/goldaccrual_query_out.jsp (Caused by SSLError(SSLError(1, '[SSL: UNSAFE_LEGACY_RENEGOTIATION_DISABLED] unsafe legacy renegotiation disabled (_ssl.c:1010)')))
2026-03-25 23:13:07,834 | INFO | main | cycle run_mode=live now=2026-03-25T23:13:00.006472 tick_written=True new_bars=0 events=1 errors=[]
2026-03-25 23:14:01,468 | WARNING | collectors.icbc_accumulated_gold | ICBC accumulated gold attempt 1 failed: HTTPSConnectionPool(host='mybank.icbc.com.cn', port=443): Max retries exceeded with url: /icbc/newperbank/perbank3/gold/goldaccrual_query_out.jsp (Caused by SSLError(SSLError(1, '[SSL: UNSAFE_LEGACY_RENEGOTIATION_DISABLED] unsafe legacy renegotiation disabled (_ssl.c:1010)')))
----------------------------------------
Exception occurred during processing of request from ('127.0.0.1', 61470)
Traceback (most recent call last):
  File "socketserver.py", line 697, in process_request_thread
  File "socketserver.py", line 362, in finish_request
  File "socketserver.py", line 766, in __init__
  File "http\server.py", line 436, in handle
  File "http\server.py", line 424, in handle_one_request
  File "C:\Users\arcfever\Documents\New project\python\gold_strategy_alert\control_server.py", line 468, in do_POST
    self._handle_mutation()
  File "C:\Users\arcfever\Documents\New project\python\gold_strategy_alert\control_server.py", line 483, in _handle_mutation
    entry_time=_parse_datetime(payload.get("entry_time")),
               ^^^^^^^^^^^^^^^^^^^^^^^^^^^^^^^^^^^^^^^^^^
  File "C:\Users\arcfever\Documents\New project\python\gold_strategy_alert\control_server.py", line 796, in _parse_datetime
    return datetime.fromisoformat(str(value))
           ^^^^^^^^^^^^^^^^^^^^^^^^^^^^^^^^^^
ValueError: Invalid isoformat string: '1'
----------------------------------------
2026-03-25 23:14:03,912 | WARNING | collectors.icbc_accumulated_gold | ICBC accumulated gold attempt 2 failed: HTTPSConnectionPool(host='mybank.icbc.com.cn', port=443): Max retries exceeded with url: /icbc/newperbank/perbank3/gold/goldaccrual_query_out.jsp (Caused by SSLError(SSLError(1, '[SSL: UNSAFE_LEGACY_RENEGOTIATION_DISABLED] unsafe legacy renegotiation disabled (_ssl.c:1010)')))
2026-03-25 23:14:07,310 | WARNING | collectors.icbc_accumulated_gold | ICBC accumulated gold attempt 3 failed: HTTPSConnectionPool(host='mybank.icbc.com.cn', port=443): Max retries exceeded with url: /icbc/newperbank/perbank3/gold/goldaccrual_query_out.jsp (Caused by SSLError(SSLError(1, '[SSL: UNSAFE_LEGACY_RENEGOTIATION_DISABLED] unsafe legacy renegotiation disabled (_ssl.c:1010)')))
2026-03-25 23:14:08,073 | INFO | main | cycle run_mode=live now=2026-03-25T23:14:00.001083 tick_written=True new_bars=0 events=1 errors=[]
2026-03-25 23:14:34,469 | INFO | control_server | control ""GET /app?token=dd2e15efa3da24d8c55967fd37a0db1b HTTP/1.1" 200 -"
2026-03-25 23:14:34,498 | INFO | control_server | control ""GET /app?token=dd2e15efa3da24d8c55967fd37a0db1b HTTP/1.1" 200 -"
2026-03-25 23:15:00,816 | WARNING | collectors.icbc_accumulated_gold | ICBC accumulated gold attempt 1 failed: HTTPSConnectionPool(host='mybank.icbc.com.cn', port=443): Max retries exceeded with url: /icbc/newperbank/perbank3/gold/goldaccrual_query_out.jsp (Caused by SSLError(SSLError(1, '[SSL: UNSAFE_LEGACY_RENEGOTIATION_DISABLED] unsafe legacy renegotiation disabled (_ssl.c:1010)')))
2026-03-25 23:15:02,624 | WARNING | collectors.icbc_accumulated_gold | ICBC accumulated gold attempt 2 failed: HTTPSConnectionPool(host='mybank.icbc.com.cn', port=443): Max retries exceeded with url: /icbc/newperbank/perbank3/gold/goldaccrual_query_out.jsp (Caused by SSLError(SSLError(1, '[SSL: UNSAFE_LEGACY_RENEGOTIATION_DISABLED] unsafe legacy renegotiation disabled (_ssl.c:1010)')))
2026-03-25 23:15:05,439 | WARNING | collectors.icbc_accumulated_gold | ICBC accumulated gold attempt 3 failed: HTTPSConnectionPool(host='mybank.icbc.com.cn', port=443): Max retries exceeded with url: /icbc/newperbank/perbank3/gold/goldaccrual_query_out.jsp (Caused by SSLError(SSLError(1, '[SSL: UNSAFE_LEGACY_RENEGOTIATION_DISABLED] unsafe legacy renegotiation disabled (_ssl.c:1010)')))
2026-03-25 23:15:06,152 | INFO | main | cycle run_mode=live now=2026-03-25T23:15:00.002134 tick_written=True new_bars=1 events=1 errors=[]
2026-03-25 23:15:23,298 | INFO | control_server | control ""GET /app?token=dd2e15efa3da24d8c55967fd37a0db1b HTTP/1.1" 200 -"
2026-03-25 23:15:23,544 | INFO | control_server | control ""GET /favicon.ico HTTP/1.1" 403 -"
----------------------------------------
Exception occurred during processing of request from ('127.0.0.1', 49157)
Traceback (most recent call last):
  File "socketserver.py", line 697, in process_request_thread
  File "socketserver.py", line 362, in finish_request
  File "socketserver.py", line 766, in __init__
  File "http\server.py", line 436, in handle
  File "http\server.py", line 424, in handle_one_request
  File "C:\Users\arcfever\Documents\New project\python\gold_strategy_alert\control_server.py", line 468, in do_POST
    self._handle_mutation()
  File "C:\Users\arcfever\Documents\New project\python\gold_strategy_alert\control_server.py", line 483, in _handle_mutation
    entry_time=_parse_datetime(payload.get("entry_time")),
               ^^^^^^^^^^^^^^^^^^^^^^^^^^^^^^^^^^^^^^^^^^
  File "C:\Users\arcfever\Documents\New project\python\gold_strategy_alert\control_server.py", line 796, in _parse_datetime
    return datetime.fromisoformat(str(value))
           ^^^^^^^^^^^^^^^^^^^^^^^^^^^^^^^^^^
ValueError: Invalid isoformat string: '1'
----------------------------------------
2026-03-25 23:15:38,486 | INFO | control_server | control ""GET /favicon.ico HTTP/1.1" 403 -"
2026-03-25 23:15:42,136 | INFO | control_server | control ""GET /app?token=dd2e15efa3da24d8c55967fd37a0db1b HTTP/1.1" 200 -"
2026-03-25 23:15:42,281 | INFO | control_server | control ""GET /favicon.ico HTTP/1.1" 403 -"
2026-03-25 23:15:44,862 | INFO | control_server | control ""GET /app?token=dd2e15efa3da24d8c55967fd37a0db1b HTTP/1.1" 200 -"
2026-03-25 23:15:44,991 | INFO | control_server | control ""GET /favicon.ico HTTP/1.1" 403 -"
2026-03-25 23:15:46,471 | INFO | control_server | control ""GET /app?token=dd2e15efa3da24d8c55967fd37a0db1b HTTP/1.1" 200 -"
2026-03-25 23:15:46,581 | INFO | control_server | control ""GET /favicon.ico HTTP/1.1" 403 -"
2026-03-25 23:15:47,253 | INFO | control_server | control ""GET /app?token=dd2e15efa3da24d8c55967fd37a0db1b HTTP/1.1" 200 -"
2026-03-25 23:15:47,363 | INFO | control_server | control ""GET /favicon.ico HTTP/1.1" 403 -"
2026-03-25 23:16:01,506 | WARNING | collectors.icbc_accumulated_gold | ICBC accumulated gold attempt 1 failed: HTTPSConnectionPool(host='mybank.icbc.com.cn', port=443): Max retries exceeded with url: /icbc/newperbank/perbank3/gold/goldaccrual_query_out.jsp (Caused by SSLError(SSLError(1, '[SSL: UNSAFE_LEGACY_RENEGOTIATION_DISABLED] unsafe legacy renegotiation disabled (_ssl.c:1010)')))
2026-03-25 23:16:03,956 | WARNING | collectors.icbc_accumulated_gold | ICBC accumulated gold attempt 2 failed: HTTPSConnectionPool(host='mybank.icbc.com.cn', port=443): Max retries exceeded with url: /icbc/newperbank/perbank3/gold/goldaccrual_query_out.jsp (Caused by SSLError(SSLError(1, '[SSL: UNSAFE_LEGACY_RENEGOTIATION_DISABLED] unsafe legacy renegotiation disabled (_ssl.c:1010)')))
2026-03-25 23:16:07,398 | WARNING | collectors.icbc_accumulated_gold | ICBC accumulated gold attempt 3 failed: HTTPSConnectionPool(host='mybank.icbc.com.cn', port=443): Max retries exceeded with url: /icbc/newperbank/perbank3/gold/goldaccrual_query_out.jsp (Caused by SSLError(SSLError(1, '[SSL: UNSAFE_LEGACY_RENEGOTIATION_DISABLED] unsafe legacy renegotiation disabled (_ssl.c:1010)')))
2026-03-25 23:16:08,162 | INFO | main | cycle run_mode=live now=2026-03-25T23:16:00.006312 tick_written=True new_bars=0 events=1 errors=[]
2026-03-25 23:16:40,280 | INFO | control_server | control ""GET /app?token=dd2e15efa3da24d8c55967fd37a0db1b HTTP/1.1" 200 -"
2026-03-25 23:17:01,517 | WARNING | collectors.icbc_accumulated_gold | ICBC accumulated gold attempt 1 failed: HTTPSConnectionPool(host='mybank.icbc.com.cn', port=443): Max retries exceeded with url: /icbc/newperbank/perbank3/gold/goldaccrual_query_out.jsp (Caused by SSLError(SSLError(1, '[SSL: UNSAFE_LEGACY_RENEGOTIATION_DISABLED] unsafe legacy renegotiation disabled (_ssl.c:1010)')))
2026-03-25 23:17:03,966 | WARNING | collectors.icbc_accumulated_gold | ICBC accumulated gold attempt 2 failed: HTTPSConnectionPool(host='mybank.icbc.com.cn', port=443): Max retries exceeded with url: /icbc/newperbank/perbank3/gold/goldaccrual_query_out.jsp (Caused by SSLError(SSLError(1, '[SSL: UNSAFE_LEGACY_RENEGOTIATION_DISABLED] unsafe legacy renegotiation disabled (_ssl.c:1010)')))
2026-03-25 23:17:07,354 | WARNING | collectors.icbc_accumulated_gold | ICBC accumulated gold attempt 3 failed: HTTPSConnectionPool(host='mybank.icbc.com.cn', port=443): Max retries exceeded with url: /icbc/newperbank/perbank3/gold/goldaccrual_query_out.jsp (Caused by SSLError(SSLError(1, '[SSL: UNSAFE_LEGACY_RENEGOTIATION_DISABLED] unsafe legacy renegotiation disabled (_ssl.c:1010)')))
2026-03-25 23:17:08,007 | INFO | main | cycle run_mode=live now=2026-03-25T23:17:00.000439 tick_written=True new_bars=0 events=1 errors=[]
2026-03-25 23:17:11,710 | INFO | control_server | control ""GET /app?token=dd2e15efa3da24d8c55967fd37a0db1b HTTP/1.1" 200 -"
2026-03-25 23:17:12,015 | INFO | control_server | control ""GET /favicon.ico HTTP/1.1" 403 -"
----------------------------------------
Exception occurred during processing of request from ('127.0.0.1', 64304)
Traceback (most recent call last):
  File "socketserver.py", line 697, in process_request_thread
  File "socketserver.py", line 362, in finish_request
  File "socketserver.py", line 766, in __init__
  File "http\server.py", line 436, in handle
  File "http\server.py", line 424, in handle_one_request
  File "C:\Users\arcfever\Documents\New project\python\gold_strategy_alert\control_server.py", line 468, in do_POST
    self._handle_mutation()
  File "C:\Users\arcfever\Documents\New project\python\gold_strategy_alert\control_server.py", line 483, in _handle_mutation
    entry_time=_parse_datetime(payload.get("entry_time")),
               ^^^^^^^^^^^^^^^^^^^^^^^^^^^^^^^^^^^^^^^^^^
  File "C:\Users\arcfever\Documents\New project\python\gold_strategy_alert\control_server.py", line 796, in _parse_datetime
    return datetime.fromisoformat(str(value))
           ^^^^^^^^^^^^^^^^^^^^^^^^^^^^^^^^^^
ValueError: Invalid isoformat string: '1'
----------------------------------------
2026-03-25 23:18:01,482 | WARNING | collectors.icbc_accumulated_gold | ICBC accumulated gold attempt 1 failed: HTTPSConnectionPool(host='mybank.icbc.com.cn', port=443): Max retries exceeded with url: /icbc/newperbank/perbank3/gold/goldaccrual_query_out.jsp (Caused by SSLError(SSLError(1, '[SSL: UNSAFE_LEGACY_RENEGOTIATION_DISABLED] unsafe legacy renegotiation disabled (_ssl.c:1010)')))
2026-03-25 23:18:03,934 | WARNING | collectors.icbc_accumulated_gold | ICBC accumulated gold attempt 2 failed: HTTPSConnectionPool(host='mybank.icbc.com.cn', port=443): Max retries exceeded with url: /icbc/newperbank/perbank3/gold/goldaccrual_query_out.jsp (Caused by SSLError(SSLError(1, '[SSL: UNSAFE_LEGACY_RENEGOTIATION_DISABLED] unsafe legacy renegotiation disabled (_ssl.c:1010)')))
2026-03-25 23:18:07,433 | WARNING | collectors.icbc_accumulated_gold | ICBC accumulated gold attempt 3 failed: HTTPSConnectionPool(host='mybank.icbc.com.cn', port=443): Max retries exceeded with url: /icbc/newperbank/perbank3/gold/goldaccrual_query_out.jsp (Caused by SSLError(SSLError(1, '[SSL: UNSAFE_LEGACY_RENEGOTIATION_DISABLED] unsafe legacy renegotiation disabled (_ssl.c:1010)')))
2026-03-25 23:18:08,142 | INFO | main | cycle run_mode=live now=2026-03-25T23:18:00.002731 tick_written=True new_bars=0 events=1 errors=[]
