2026-03-25 22:00:36.308 [I] [sub/root.go:201] start frpc service for config file [C:\Users\arcfever\Documents\New project\runtime\frp\local_bundle\frpc.toml] with aggregated configuration
2026-03-25 22:00:36.330 [I] [client/service.go:378] try to connect to server...
2026-03-25 22:00:36.394 [I] [client/service.go:370] [aea277be376faf23] login to server success, get run id [aea277be376faf23]
2026-03-25 22:00:36.394 [I] [proxy/proxy_manager.go:180] [aea277be376faf23] proxy added: [gold-control]
2026-03-25 22:00:36.414 [I] [client/control.go:176] [aea277be376faf23] [gold-control] start proxy success
2026-03-25 22:01:22.271 [E] [proxy/proxy.go:219] [aea277be376faf23] [gold-control] connect to local service [127.0.0.1:8787] error: dial tcp 127.0.0.1:8787: connectex: No connection could be made because the target machine actively refused it.
2026-03-25 22:01:22.380 [E] [proxy/proxy.go:219] [aea277be376faf23] [gold-control] connect to local service [127.0.0.1:8787] error: dial tcp 127.0.0.1:8787: connectex: No connection could be made because the target machine actively refused it.
2026-03-25 22:01:36.971 [E] [proxy/proxy.go:219] [aea277be376faf23] [gold-control] connect to local service [127.0.0.1:8787] error: dial tcp 127.0.0.1:8787: connectex: No connection could be made because the target machine actively refused it.
2026-03-25 23:00:08.328 [I] [client/service.go:378] [aea277be376faf23] try to connect to server...
2026-03-25 23:00:08.777 [W] [client/service.go:381] [aea277be376faf23] connect to server error: session shutdown
2026-03-25 23:00:10.945 [I] [client/service.go:378] [aea277be376faf23] try to connect to server...
2026-03-25 23:00:10.968 [W] [client/service.go:381] [aea277be376faf23] connect to server error: session shutdown
2026-03-25 23:00:15.580 [I] [client/service.go:378] [aea277be376faf23] try to connect to server...
2026-03-25 23:00:15.582 [W] [client/service.go:381] [aea277be376faf23] connect to server error: session shutdown
2026-03-25 23:00:25.008 [I] [client/service.go:378] [aea277be376faf23] try to connect to server...
2026-03-25 23:00:25.010 [W] [client/service.go:381] [aea277be376faf23] connect to server error: session shutdown
2026-03-25 23:00:45.010 [I] [client/service.go:378] [aea277be376faf23] try to connect to server...
2026-03-25 23:00:45.012 [W] [client/service.go:381] [aea277be376faf23] connect to server error: session shutdown
2026-03-25 23:01:05.013 [I] [client/service.go:378] [aea277be376faf23] try to connect to server...
2026-03-25 23:01:05.043 [W] [client/service.go:381] [aea277be376faf23] connect to server error: session shutdown
2026-03-25 23:01:25.043 [I] [client/service.go:378] [aea277be376faf23] try to connect to server...
2026-03-25 23:01:25.234 [W] [client/service.go:381] [aea277be376faf23] connect to server error: session shutdown
2026-03-25 23:01:45.234 [I] [client/service.go:378] [aea277be376faf23] try to connect to server...
2026-03-25 23:01:45.327 [W] [client/service.go:381] [aea277be376faf23] connect to server error: tls: first record does not look like a TLS handshake
2026-03-25 23:02:05.328 [I] [client/service.go:378] [aea277be376faf23] try to connect to server...
2026-03-25 23:02:06.099 [W] [client/service.go:381] [aea277be376faf23] connect to server error: session shutdown
2026-03-25 23:02:26.099 [I] [client/service.go:378] [aea277be376faf23] try to connect to server...
2026-03-25 23:02:27.054 [W] [client/service.go:381] [aea277be376faf23] connect to server error: tls: first record does not look like a TLS handshake
2026-03-25 23:02:47.055 [I] [client/service.go:378] [aea277be376faf23] try to connect to server...
2026-03-25 23:02:47.184 [I] [client/service.go:370] [aea277be376faf23] login to server success, get run id [aea277be376faf23]
2026-03-25 23:02:47.184 [I] [proxy/proxy_manager.go:180] [aea277be376faf23] proxy added: [gold-control]
2026-03-25 23:02:47.212 [I] [client/control.go:176] [aea277be376faf23] [gold-control] start proxy success
2026-03-25 23:03:17.840 [I] [client/service.go:378] [aea277be376faf23] try to connect to server...
2026-03-25 23:03:18.057 [W] [client/service.go:381] [aea277be376faf23] connect to server error: session shutdown
2026-03-25 23:03:20.093 [I] [client/service.go:378] [aea277be376faf23] try to connect to server...
2026-03-25 23:03:20.095 [W] [client/service.go:381] [aea277be376faf23] connect to server error: session shutdown
2026-03-25 23:03:24.195 [I] [client/service.go:378] [aea277be376faf23] try to connect to server...
2026-03-25 23:03:24.266 [W] [client/service.go:381] [aea277be376faf23] connect to server error: session shutdown
2026-03-25 23:03:32.690 [I] [client/service.go:378] [aea277be376faf23] try to connect to server...
2026-03-25 23:03:33.258 [W] [client/service.go:381] [aea277be376faf23] connect to server error: session shutdown
2026-03-25 23:03:50.749 [I] [client/service.go:378] [aea277be376faf23] try to connect to server...
2026-03-25 23:03:51.105 [W] [client/service.go:381] [aea277be376faf23] connect to server error: session shutdown
2026-03-25 23:04:11.105 [I] [client/service.go:378] [aea277be376faf23] try to connect to server...
2026-03-25 23:04:11.201 [I] [client/service.go:370] [aea277be376faf23] login to server success, get run id [aea277be376faf23]
2026-03-25 23:04:11.201 [I] [proxy/proxy_manager.go:180] [aea277be376faf23] proxy added: [gold-control]
2026-03-25 23:04:11.246 [I] [client/control.go:176] [aea277be376faf23] [gold-control] start proxy success
