
> couple-memory-app@1.0.0 web
> expo start --web --port 8082

Starting project at C:\Users\arcfever\Documents\New project\couple-memory-app
Starting Metro Bundler
Waiting on http://localhost:8082
Logs for your project will appear below.
Web Bundled 873ms node_modules\expo-router\entry.js (896 modules)
 LOG  [web] Logs will appear in the browser console
Web node_modules\expo-router\entry.js ░░░░░░░░░░░░░░░░  0.0% (0/1)
Web Bundled 42ms node_modules\expo-router\entry.js (1 module)
 LOG  [web] Logs will appear in the browser console
Web node_modules\expo-router\entry.js ░░░░░░░░░░░░░░░░  0.0% (0/1)
Web Bundled 47ms node_modules\expo-router\entry.js (1 module)
 LOG  [web] Logs will appear in the browser console
Web node_modules\expo-router\entry.js ░░░░░░░░░░░░░░░░  0.0% (0/1)
Web Bundled 44ms node_modules\expo-router\entry.js (1 module)
 LOG  [web] Logs will appear in the browser console
Web node_modules\expo-router\entry.js ░░░░░░░░░░░░░░░░  0.0% (0/1)
Web Bundled 58ms node_modules\expo-router\entry.js (1 module)
 LOG  [web] Logs will appear in the browser console
Web node_modules\expo-router\entry.js ░░░░░░░░░░░░░░░░  0.0% (0/1)
Web Bundled 38ms node_modules\expo-router\entry.js (1 module)
 LOG  [web] Logs will appear in the browser console
Unable to resolve "@/services/invites" from "src\store\auth-store.tsx"
[0m [90m 4 |[39m [36mimport[39m { isSupabaseConfigured } [36mfrom[39m [32m"@/lib/env"[39m[33m;[39m
 [90m 5 |[39m [36mimport[39m { getInitialSession[33m,[39m onAuthStateChange[33m,[39m signInWithEmail[33m,[39m signOutCurrentUser } [36mfrom[39m [32m"@/services/auth"[39m[33m;[39m
[31m[1m>[22m[39m[90m 6 |[39m [36mimport[39m { createCoupleSpace[33m,[39m getMembershipForUser[33m,[39m joinCoupleSpace } [36mfrom[39m [32m"@/services/invites"[39m[33m;[39m
 [90m   |[39m                                                                           [31m[1m^[22m[39m
 [90m 7 |[39m [36mimport[39m type { [33mAppUser[39m[33m,[39m [33mCoupleMember[39m[33m,[39m [33mCoupleSpace[39m } [36mfrom[39m [32m"@/types/domain"[39m[33m;[39m
 [90m 8 |[39m
 [90m 9 |[39m type [33mAuthContextValue[39m [33m=[39m {[0m

Import stack:

 src\store\auth-store.tsx
 | import "@/services/invites"

 src\hooks\useAuth.ts
 | import "@/store/auth-store"

 app\(tabs)\_layout.tsx
 | import "@/hooks/useAuth"

 app (require.context)

Unable to resolve "@/services/invites" from "src\store\auth-store.tsx"
[0m [90m 4 |[39m [36mimport[39m { isSupabaseConfigured } [36mfrom[39m [32m"@/lib/env"[39m[33m;[39m
 [90m 5 |[39m [36mimport[39m { getInitialSession[33m,[39m onAuthStateChange[33m,[39m signInWithEmail[33m,[39m signOutCurrentUser } [36mfrom[39m [32m"@/services/auth"[39m[33m;[39m
[31m[1m>[22m[39m[90m 6 |[39m [36mimport[39m { createCoupleSpace[33m,[39m getMembershipForUser[33m,[39m joinCoupleSpace } [36mfrom[39m [32m"@/services/invites"[39m[33m;[39m
 [90m   |[39m                                                                           [31m[1m^[22m[39m
 [90m 7 |[39m [36mimport[39m type { [33mAppUser[39m[33m,[39m [33mCoupleMember[39m[33m,[39m [33mCoupleSpace[39m } [36mfrom[39m [32m"@/types/domain"[39m[33m;[39m
 [90m 8 |[39m
 [90m 9 |[39m type [33mAuthContextValue[39m [33m=[39m {[0m

Import stack:

 src\store\auth-store.tsx
 | import "@/services/invites"

 src\hooks\useAuth.ts
 | import "@/store/auth-store"

 app\(tabs)\_layout.tsx
 | import "@/hooks/useAuth"

 app (require.context)

Unable to resolve "@/services/mock-data" from "src\services\invites.ts"
[0m [90m 2 |[39m [36mimport[39m { isSupabaseConfigured } [36mfrom[39m [32m"@/lib/env"[39m[33m;[39m
 [90m 3 |[39m [36mimport[39m { supabase } [36mfrom[39m [32m"@/lib/supabase"[39m[33m;[39m
[31m[1m>[22m[39m[90m 4 |[39m [36mimport[39m { makeMockId[33m,[39m mockMembers[33m,[39m mockSpaces } [36mfrom[39m [32m"@/services/mock-data"[39m[33m;[39m
 [90m   |[39m                                                      [31m[1m^[22m[39m
 [90m 5 |[39m [36mimport[39m type { [33mCoupleMember[39m[33m,[39m [33mCoupleSpace[39m } [36mfrom[39m [32m"@/types/domain"[39m[33m;[39m
 [90m 6 |[39m
 [90m 7 |[39m [36mexport[39m [36masync[39m [36mfunction[39m getMembershipForUser(userId[33m:[39m string)[33m:[39m [33mPromise[39m[33m<[39m{[0m

Import stack:

 src\services\invites.ts
 | import "@/services/mock-data"

 src\store\auth-store.tsx
 | import "@/services/invites"

 src\hooks\useAuth.ts
 | import "@/store/auth-store"

 app\(tabs)\_layout.tsx
 | import "@/hooks/useAuth"

 app (require.context)

Web node_modules\expo-router\entry.js ░░░░░░░░░░░░░░░░  0.0% (0/1)
Web Bundled 54ms node_modules\expo-router\entry.js (1 module)
 LOG  [web] Logs will appear in the browser console
